Component: ARM Compiler 5.06 update 7 (build 960) Tool: armlink [4d3601]

==============================================================================

Section Cross References

    startup_stm32f407xx.o(RESET) refers to startup_stm32f407xx.o(STACK) for __initial_sp
    startup_stm32f407xx.o(RESET) refers to startup_stm32f407xx.o(.text) for Reset_Handler
    startup_stm32f407xx.o(RESET) refers to stm32f4xx_it.o(i.NMI_Handler) for NMI_Handler
    startup_stm32f407xx.o(RESET) refers to stm32f4xx_it.o(i.HardFault_Handler) for HardFault_Handler
    startup_stm32f407xx.o(RESET) refers to stm32f4xx_it.o(i.MemManage_Handler) for MemManage_Handler
    startup_stm32f407xx.o(RESET) refers to stm32f4xx_it.o(i.BusFault_Handler) for BusFault_Handler
    startup_stm32f407xx.o(RESET) refers to stm32f4xx_it.o(i.UsageFault_Handler) for UsageFault_Handler
    startup_stm32f407xx.o(RESET) refers to port.o(.emb_text) for SVC_Handler
    startup_stm32f407xx.o(RESET) refers to stm32f4xx_it.o(i.DebugMon_Handler) for DebugMon_Handler
    startup_stm32f407xx.o(RESET) refers to cmsis_os2.o(i.SysTick_Handler) for SysTick_Handler
    startup_stm32f407xx.o(RESET) refers to stm32f4xx_it.o(i.DMA1_Stream1_IRQHandler) for DMA1_Stream1_IRQHandler
    startup_stm32f407xx.o(RESET) refers to stm32f4xx_it.o(i.ADC_IRQHandler) for ADC_IRQHandler
    startup_stm32f407xx.o(RESET) refers to stm32f4xx_it.o(i.CAN1_RX0_IRQHandler) for CAN1_RX0_IRQHandler
    startup_stm32f407xx.o(RESET) refers to stm32f4xx_it.o(i.SPI1_IRQHandler) for SPI1_IRQHandler
    startup_stm32f407xx.o(RESET) refers to stm32f4xx_it.o(i.TIM8_TRG_COM_TIM14_IRQHandler) for TIM8_TRG_COM_TIM14_IRQHandler
    startup_stm32f407xx.o(RESET) refers to stm32f4xx_it.o(i.DMA2_Stream0_IRQHandler) for DMA2_Stream0_IRQHandler
    startup_stm32f407xx.o(RESET) refers to stm32f4xx_it.o(i.DMA2_Stream1_IRQHandler) for DMA2_Stream1_IRQHandler
    startup_stm32f407xx.o(RESET) refers to stm32f4xx_it.o(i.DMA2_Stream2_IRQHandler) for DMA2_Stream2_IRQHandler
    startup_stm32f407xx.o(RESET) refers to stm32f4xx_it.o(i.DMA2_Stream3_IRQHandler) for DMA2_Stream3_IRQHandler
    startup_stm32f407xx.o(RESET) refers to stm32f4xx_it.o(i.CAN2_RX0_IRQHandler) for CAN2_RX0_IRQHandler
    startup_stm32f407xx.o(RESET) refers to stm32f4xx_it.o(i.DMA2_Stream5_IRQHandler) for DMA2_Stream5_IRQHandler
    startup_stm32f407xx.o(.text) refers to system_stm32f4xx.o(i.SystemInit) for SystemInit
    startup_stm32f407xx.o(.text) refers to entry.o(.ARM.Collect$$$$00000000) for __main
    main.o(i.HAL_TIM_PeriodElapsedCallback) refers to stm32f4xx_hal.o(i.HAL_IncTick) for HAL_IncTick
    main.o(i.SystemClock_Config) refers to memseta.o(.text) for __aeabi_memclr4
    main.o(i.SystemClock_Config) refers to stm32f4xx_hal_rcc.o(i.HAL_RCC_OscConfig) for HAL_RCC_OscConfig
    main.o(i.SystemClock_Config) refers to stm32f4xx_hal_rcc.o(i.HAL_RCC_ClockConfig) for HAL_RCC_ClockConfig
    main.o(i.main) refers to stm32f4xx_hal.o(i.HAL_Init) for HAL_Init
    main.o(i.main) refers to main.o(i.SystemClock_Config) for SystemClock_Config
    main.o(i.main) refers to gpio.o(i.MX_GPIO_Init) for MX_GPIO_Init
    main.o(i.main) refers to dma.o(i.MX_DMA_Init) for MX_DMA_Init
    main.o(i.main) refers to adc.o(i.MX_ADC3_Init) for MX_ADC3_Init
    main.o(i.main) refers to tim.o(i.MX_TIM10_Init) for MX_TIM10_Init
    main.o(i.main) refers to tim.o(i.MX_TIM4_Init) for MX_TIM4_Init
    main.o(i.main) refers to tim.o(i.MX_TIM5_Init) for MX_TIM5_Init
    main.o(i.main) refers to tim.o(i.MX_TIM3_Init) for MX_TIM3_Init
    main.o(i.main) refers to tim.o(i.MX_TIM1_Init) for MX_TIM1_Init
    main.o(i.main) refers to tim.o(i.MX_TIM8_Init) for MX_TIM8_Init
    main.o(i.main) refers to can.o(i.MX_CAN1_Init) for MX_CAN1_Init
    main.o(i.main) refers to can.o(i.MX_CAN2_Init) for MX_CAN2_Init
    main.o(i.main) refers to spi.o(i.MX_SPI1_Init) for MX_SPI1_Init
    main.o(i.main) refers to i2c.o(i.MX_I2C3_Init) for MX_I2C3_Init
    main.o(i.main) refers to usart.o(i.MX_USART1_UART_Init) for MX_USART1_UART_Init
    main.o(i.main) refers to usart.o(i.MX_USART3_UART_Init) for MX_USART3_UART_Init
    main.o(i.main) refers to usart.o(i.MX_USART6_UART_Init) for MX_USART6_UART_Init
    main.o(i.main) refers to usb_otg.o(i.MX_USB_OTG_FS_PCD_Init) for MX_USB_OTG_FS_PCD_Init
    main.o(i.main) refers to spi.o(i.MX_SPI2_Init) for MX_SPI2_Init
    main.o(i.main) refers to i2c.o(i.MX_I2C2_Init) for MX_I2C2_Init
    main.o(i.main) refers to bsp_buzzer.o(i.BSP_Buzzer_Init) for BSP_Buzzer_Init
    main.o(i.main) refers to bsp_led_pwm.o(i.BSP_LEDPWM_Init) for BSP_LEDPWM_Init
    main.o(i.main) refers to bsp_adc.o(i.BSP_ADC_Init) for BSP_ADC_Init
    main.o(i.main) refers to bsp_capture.o(i.BSP_Capture_Init) for BSP_Capture_Init
    main.o(i.main) refers to bsp_pwm.o(i.BSP_PWM_Init) for BSP_PWM_Init
    main.o(i.main) refers to bsp_can.o(i.BSP_CAN_Init) for BSP_CAN_Init
    main.o(i.main) refers to bsp_uart.o(i.BSP_UART_Init) for BSP_UART_Init
[...]
    __aeabi_ddiv                             0x08000335   Thumb Code   222  ddiv.o(.text)
    __aeabi_ui2d                             0x08000413   Thumb Code    26  dfltui.o(.text)
    __aeabi_d2iz                             0x0800042d   Thumb Code    62  dfixi.o(.text)
    __aeabi_f2d                              0x0800046b   Thumb Code    38  f2d.o(.text)
    __aeabi_llsl                             0x08000491   Thumb Code    30  llshl.o(.text)
    _ll_shift_l                              0x08000491   Thumb Code     0  llshl.o(.text)
    __aeabi_llsr                             0x080004af   Thumb Code    32  llushr.o(.text)
    _ll_ushift_r                             0x080004af   Thumb Code     0  llushr.o(.text)
    __I$use$fp                               0x080004cf   Thumb Code     0  iusefp.o(.text)
    _float_round                             0x080004cf   Thumb Code    18  fepilogue.o(.text)
    _float_epilogue                          0x080004e1   Thumb Code    92  fepilogue.o(.text)
    _frem                                    0x0800053d   Thumb Code    82  frem.o(.text)
    _double_round                            0x0800058f   Thumb Code    30  depilogue.o(.text)
    _double_epilogue                         0x080005ad   Thumb Code   156  depilogue.o(.text)
    __default_new_handler()                  0x08000649   Thumb Code     4  arm_newhandler_noexceptions.o(.text)
    std::terminate()                         0x0800064d   Thumb Code    26  arm_exceptions_terminate.o(.text)
    __cxa_get_globals                        0x0800066f   Thumb Code    62  arm_exceptions_globs.o(.text)
    __scatterload                            0x080006b9   Thumb Code    28  init.o(.text)
    __scatterload_rt2                        0x080006b9   Thumb Code     0  init.o(.text)
    ____aeabi_memcpy8$ret$move               0x080006dd   Thumb Code     0  memmove.o(.text)
    ___aeabi_memmove4$ret                    0x080006dd   Thumb Code     0  memmove.o(.text)
    ___aeabi_memmove8$ret                    0x080006dd   Thumb Code     0  memmove.o(.text)
    __aeabi_memcpy                           0x080006dd   Thumb Code    66  memmove.o(.text)
    __aeabi_memcpy4                          0x080006dd   Thumb Code     0  memmove.o(.text)
    __aeabi_memmove                          0x080006dd   Thumb Code     0  memmove.o(.text)
    memcpy                                   0x080006dd   Thumb Code     0  memmove.o(.text)
    memmove                                  0x080006dd   Thumb Code     0  memmove.o(.text)
    __rt_new_handler_addr                    0x08000721   Thumb Code     4  cpp_memory.o(.text)
    __rt_eh_globals_addr                     0x08000725   Thumb Code    12  cpp_memory.o(.text)
    __aeabi_atexit                           0x08000735   Thumb Code    46  aeabi_atexit.o(.text)
    __ARM_exceptions_buffer_init             0x08000763   Thumb Code    18  arm_exceptions_mem.o(.text)
    __ARM_exceptions_buffer_allocate         0x08000775   Thumb Code    22  arm_exceptions_mem.o(.text)
    __ARM_exceptions_buffer_free             0x0800078b   Thumb Code    20  arm_exceptions_mem.o(.text)
    __rt_ddtor_pointer_addr                  0x080007a1   Thumb Code     4  cpp_dtor.o(.text)
    __cxa_finalize                           0x080007a9   Thumb Code    66  cxa_finalize.o(.text)
    __rt_lib_shutdown_cpp_2                  0x080007eb   Thumb Code     2  cpp_final.o(.text)
    __decompress                             0x080007ed   Thumb Code     0  __dczerorl2.o(.text)
    __decompress1                            0x080007ed   Thumb Code    86  __dczerorl2.o(.text)
    ADC_IRQHandler                           0x080008d1   Thumb Code     6  stm32f4xx_it.o(i.ADC_IRQHandler)
    BSP_ADC_Init                             0x08000a05   Thumb Code    22  bsp_adc.o(i.BSP_ADC_Init)
    BSP_Buzzer_Init                          0x08000a25   Thumb Code    20  bsp_buzzer.o(i.BSP_Buzzer_Init)
    BSP_Buzzer_Set                           0x08000a3d   Thumb Code    92  bsp_buzzer.o(i.BSP_Buzzer_Set)
    BSP_CAN_Init                             0x08000aa5   Thumb Code   136  bsp_can.o(i.BSP_CAN_Init)
    BSP_CAN_SendStandard8Data                0x08000b35   Thumb Code    24  bsp_can.o(i.BSP_CAN_SendStandard8Data)
    BSP_CAN_SetRxCallbackFunc                0x08000b4d   Thumb Code    36  bsp_can.o(i.BSP_CAN_SetRxCallbackFunc)
    BSP_Capture_Init                         0x08000b75   Thumb Code    38  bsp_capture.o(i.BSP_Capture_Init)
    BSP_LEDPWM_Init                          0x08000ba1   Thumb Code    30  bsp_led_pwm.o(i.BSP_LEDPWM_Init)
    BSP_LEDPWM_RGB_Valf                      0x08000bc5   Thumb Code    56  bsp_led_pwm.o(i.BSP_LEDPWM_RGB_Valf)
    BSP_PWM_Init                             0x08000c05   Thumb Code    62  bsp_pwm.o(i.BSP_PWM_Init)
    BSP_UART_Init                            0x08000c4d   Thumb Code    56  bsp_uart.o(i.BSP_UART_Init)
    BSP_UART_SetRxCallbackFunc           0x08000c8d   Thumb Code    12  bsp_uart.o(i.BSP_UART_SetRxCallbackFunc)
    BusFault_Handler                         0x08000c9d   Thumb Code     2  stm32f4xx_it.o(i.BusFault_Handler)
    CAN1_RX0_IRQHandler                      0x08000ca1   Thumb Code     6  stm32f4xx_it.o(i.CAN1_RX0_IRQHandler)
    CAN2_RX0_IRQHandler                      0x08000cad   Thumb Code     6  stm32f4xx_it.o(i.CAN2_RX0_IRQHandler)
    ChassisPoint                             0x08000cb9   Thumb Code     4  chassisthread.o(i.ChassisPoint)
    DMA1_Stream1_IRQHandler                  0x08000cc1   Thumb Code     6  stm32f4xx_it.o(i.DMA1_Stream1_IRQHandler)
    DMA2_Stream0_IRQHandler                  0x08000ccd   Thumb Code     6  stm32f4xx_it.o(i.DMA2_Stream0_IRQHandler)
    DMA2_Stream1_IRQHandler                  0x08000cd9   Thumb Code     6  stm32f4xx_it.o(i.DMA2_Stream1_IRQHandler)
    DMA2_Stream2_IRQHandler                  0x08000ce5   Thumb Code     6  stm32f4xx_it.o(i.DMA2_Stream2_IRQHandler)
    DMA2_Stream3_IRQHandler                  0x08000cf1   Thumb Code     6  stm32f4xx_it.o(i.DMA2_Stream3_IRQHandler)
    DMA2_Stream5_IRQHandler                  0x08000cfd   Thumb Code     6  stm32f4xx_it.o(i.DMA2_Stream5_IRQHandler)
    DR16_Init                                0x08000dad   Thumb Code     8  dr16.o(i.DR16_Init)
    DR16_Point                               0x08000db9   Thumb Code     4  dr16.o(i.DR16_Point)
    DebugMon_Handler                         0x08000dc1   Thumb Code     2  stm32f4xx_it.o(i.DebugMon_Handler)
    Error_Handler                            0x08000dc3   Thumb Code     4  main.o(i.Error_Handler)
    GimbalPoint                              0x08000dc9   Thumb Code    12  gimbalthread.o(i.GimbalPoint)
    HAL_ADCEx_InjectedConvCpltCallback       0x08000dd9   Thumb Code     2  stm32f4xx_hal_adc_ex.o(i.HAL_ADCEx_InjectedConvCpltCallback)
    HAL_ADC_ConfigChannel                    0x08000ddd   Thumb Code   316  stm32f4xx_hal_adc.o(i.HAL_ADC_ConfigChannel)
    HAL_ADC_ConvCpltCallback                 0x08000f29   Thumb Code    36  bsp_adc.o(i.HAL_ADC_ConvCpltCallback)
    HAL_ADC_ConvHalfCpltCallback             0x08000f59   Thumb Code     2  stm32f4xx_hal_adc.o(i.HAL_ADC_ConvHalfCpltCallback)
    HAL_ADC_ErrorCallback                    0x08000f5b   Thumb Code     2  stm32f4xx_hal_adc.o(i.HAL_ADC_ErrorCallback)
    HAL_ADC_IRQHandler                       0x08000f5d   Thumb Code   302  stm32f4xx_hal_adc.o(i.HAL_ADC_IRQHandler)
    HAL_ADC_Init                             0x0800108b   Thumb Code    84  stm32f4xx_hal_adc.o(i.HAL_ADC_Init)
    HAL_ADC_LevelOutOfWindowCallback         0x080010df   Thumb Code     2  stm32f4xx_hal_adc.o(i.HAL_ADC_LevelOutOfWindowCallback)
    HAL_ADC_MspInit                          0x080010e1   Thumb Code   150  adc.o(i.HAL_ADC_MspInit)
    HAL_ADC_Start_DMA                        0x0800118d   Thumb Code   302  stm32f4xx_hal_adc.o(i.HAL_ADC_Start_DMA)
    HAL_CAN_AbortTxRequest                   0x080012e1   Thumb Code    70  stm32f4xx_hal_can.o(i.HAL_CAN_AbortTxRequest)
    HAL_CAN_ActivateNotification             0x08001327   Thumb Code    36  stm32f4xx_hal_can.o(i.HAL_CAN_ActivateNotification)
    HAL_CAN_AddTxMessage                     0x0800134b   Thumb Code   220  stm32f4xx_hal_can.o(i.HAL_CAN_AddTxMessage)
    HAL_CAN_ConfigFilter                     0x08001429   Thumb Code   262  stm32f4xx_hal_can.o(i.HAL_CAN_ConfigFilter)
    HAL_CAN_ErrorCallback                    0x08001535   Thumb Code     2  bsp_can.o(i.HAL_CAN_ErrorCallback)
    HAL_CAN_GetRxMessage                     0x08001537   Thumb Code   232  stm32f4xx_hal_can.o(i.HAL_CAN_GetRxMessage)
    HAL_CAN_GetTxMailboxesFreeLevel          0x0800161f   Thumb Code    44  stm32f4xx_hal_can.o(i.HAL_CAN_GetTxMailboxesFreeLevel)
    HAL_CAN_IRQHandler                       0x0800164b   Thumb Code   508  stm32f4xx_hal_can.o(i.HAL_CAN_IRQHandler)
    HAL_CAN_Init                             0x08001847   Thumb Code   282  stm32f4xx_hal_can.o(i.HAL_CAN_Init)
    HAL_CAN_MspInit                          0x08001961   Thumb Code   226  can.o(i.HAL_CAN_MspInit)
    HAL_CAN_RxFifo0FullCallback              0x08001a5d   Thumb Code     2  stm32f4xx_hal_can.o(i.HAL_CAN_RxFifo0FullCallback)
    HAL_CAN_RxFifo0MsgPendingCallback        0x08001a61   Thumb Code   112  bsp_can.o(i.HAL_CAN_RxFifo0MsgPendingCallback)
    HAL_CAN_RxFifo1FullCallback              0x08001ad9   Thumb Code     2  stm32f4xx_hal_can.o(i.HAL_CAN_RxFifo1FullCallback)
    HAL_CAN_RxFifo1MsgPendingCallback        0x08001adb   Thumb Code     2  stm32f4xx_hal_can.o(i.HAL_CAN_RxFifo1MsgPendingCallback)
    HAL_CAN_SleepCallback                    0x08001add   Thumb Code     2  stm32f4xx_hal_can.o(i.HAL_CAN_SleepCallback)
    HAL_CAN_Start                            0x08001ae1   Thumb Code    88  stm32f4xx_hal_can.o(i.HAL_CAN_Start)
    HAL_CAN_TxMailbox0AbortCallback          0x08001b39   Thumb Code     2  stm32f4xx_hal_can.o(i.HAL_CAN_TxMailbox0AbortCallback)
    HAL_CAN_TxMailbox0CompleteCallback       0x08001b3b   Thumb Code     2  stm32f4xx_hal_can.o(i.HAL_CAN_TxMailbox0CompleteCallback)
    HAL_CAN_TxMailbox1AbortCallback          0x08001b3d   Thumb Code     2  stm32f4xx_hal_can.o(i.HAL_CAN_TxMailbox1AbortCallback)
    HAL_CAN_TxMailbox1CompleteCallback       0x08001b3f   Thumb Code     2  stm32f4xx_hal_can.o(i.HAL_CAN_TxMailbox1CompleteCallback)
    HAL_CAN_TxMailbox2AbortCallback          0x08001b41   Thumb Code     2  stm32f4xx_hal_can.o(i.HAL_CAN_TxMailbox2AbortCallback)
    HAL_CAN_TxMailbox2CompleteCallback       0x08001b43   Thumb Code     2  stm32f4xx_hal_can.o(i.HAL_CAN_TxMailbox2CompleteCallback)
    HAL_CAN_WakeUpFromRxMsgCallback          0x08001b45   Thumb Code     2  stm32f4xx_hal_can.o(i.HAL_CAN_WakeUpFromRxMsgCallback)
    HAL_DMA_Abort                            0x08001b47   Thumb Code   146  stm32f4xx_hal_dma.o(i.HAL_DMA_Abort)
    HAL_DMA_Abort_IT                         0x08001bd9   Thumb Code    36  stm32f4xx_hal_dma.o(i.HAL_DMA_Abort_IT)
    HAL_DMA_IRQHandler                       0x08001bfd   Thumb Code   412  stm32f4xx_hal_dma.o(i.HAL_DMA_IRQHandler)
    HAL_DMA_Init                             0x08001d9d   Thumb Code   206  stm32f4xx_hal_dma.o(i.HAL_DMA_Init)
    HAL_DMA_Start_IT                         0x08001e71   Thumb Code   110  stm32f4xx_hal_dma.o(i.HAL_DMA_Start_IT)
    HAL_Delay                                0x08001ee1   Thumb Code    32  stm32f4xx_hal.o(i.HAL_Delay)
    HAL_GPIO_Init                            0x08001f05   Thumb Code   450  stm32f4xx_hal_gpio.o(i.HAL_GPIO_Init)
    HAL_GPIO_WritePin                        0x080020f5   Thumb Code    10  stm32f4xx_hal_gpio.o(i.HAL_GPIO_WritePin)
    HAL_GetTick                              0x08002101   Thumb Code     6  stm32f4xx_hal.o(i.HAL_GetTick)
    HAL_I2C_Init                             0x0800210d   Thumb Code   376  stm32f4xx_hal_i2c.o(i.HAL_I2C_Init)
    HAL_I2C_MspInit                          0x08002295   Thumb Code   206  i2c.o(i.HAL_I2C_MspInit)
    HAL_IncTick                              0x0800237d   Thumb Code    12  stm32f4xx_hal.o(i.HAL_IncTick)
    HAL_Init                                 0x0800238d   Thumb Code    48  stm32f4xx_hal.o(i.HAL_Init)
    HAL_InitTick                             0x080023c1   Thumb Code   132  stm32f4xx_hal_timebase_tim.o(i.HAL_InitTick)
    HAL_MspInit                              0x08002459   Thumb Code    52  stm32f4xx_hal_msp.o(i.HAL_MspInit)
    HAL_NVIC_EnableIRQ                       0x08002491   Thumb Code    26  stm32f4xx_hal_cortex.o(i.HAL_NVIC_EnableIRQ)
    HAL_NVIC_SetPriority                     0x080024ad   Thumb Code    60  stm32f4xx_hal_cortex.o(i.HAL_NVIC_SetPriority)
    HAL_NVIC_SetPriorityGrouping             0x080024ed   Thumb Code    26  stm32f4xx_hal_cortex.o(i.HAL_NVIC_SetPriorityGrouping)
    HAL_PCD_Init                             0x08002511   Thumb Code   226  stm32f4xx_hal_pcd.o(i.HAL_PCD_Init)
    HAL_PCD_MspInit                          0x080025f5   Thumb Code   106  usb_otg.o(i.HAL_PCD_MspInit)
    HAL_RCC_ClockConfig                      0x08002669   Thumb Code   288  stm32f4xx_hal_rcc.o(i.HAL_RCC_ClockConfig)
    HAL_RCC_GetClockConfig                   0x0800279d   Thumb Code    54  stm32f4xx_hal_rcc.o(i.HAL_RCC_GetClockConfig)
    HAL_RCC_GetPCLK1Freq                     0x080027dd   Thumb Code    20  stm32f4xx_hal_rcc.o(i.HAL_RCC_GetPCLK1Freq)
    HAL_RCC_GetPCLK2Freq                     0x080027fd   Thumb Code    20  stm32f4xx_hal_rcc.o(i.HAL_RCC_GetPCLK2Freq)
    HAL_RCC_GetSysClockFreq                  0x0800281d   Thumb Code    88  stm32f4xx_hal_rcc.o(i.HAL_RCC_GetSysClockFreq)
    HAL_RCC_OscConfig                        0x08002881   Thumb Code   856  stm32f4xx_hal_rcc.o(i.HAL_RCC_OscConfig)
    HAL_SPI_ErrorCallback                    0x08002bed   Thumb Code     2  stm32f4xx_hal_spi.o(i.HAL_SPI_ErrorCallback)
    HAL_SPI_IRQHandler                       0x08002bf1   Thumb Code   246  stm32f4xx_hal_spi.o(i.HAL_SPI_IRQHandler)
    HAL_SPI_Init                             0x08002ced   Thumb Code   188  stm32f4xx_hal_spi.o(i.HAL_SPI_Init)
    HAL_SPI_MspInit                          0x08002da9   Thumb Code   324  spi.o(i.HAL_SPI_MspInit)
    HAL_TIMEx_BreakCallback                  0x08002f09   Thumb Code     2  stm32f4xx_hal_tim_ex.o(i.HAL_TIMEx_BreakCallback)
    HAL_TIMEx_CommutCallback                 0x08002f0b   Thumb Code     2  stm32f4xx_hal_tim_ex.o(i.HAL_TIMEx_CommutCallback)
    HAL_TIMEx_ConfigBreakDeadTime            0x08002f0d   Thumb Code    84  stm32f4xx_hal_tim_ex.o(i.HAL_TIMEx_ConfigBreakDeadTime)
    HAL_TIMEx_MasterConfigSynchronization    0x08002f61   Thumb Code   116  stm32f4xx_hal_tim_ex.o(i.HAL_TIMEx_MasterConfigSynchronization)
    HAL_TIM_Base_Init                        0x08002ff1   Thumb Code    90  stm32f4xx_hal_tim.o(i.HAL_TIM_Base_Init)
    HAL_TIM_Base_MspInit                     0x0800304d   Thumb Code    30  tim.o(i.HAL_TIM_Base_MspInit)
    HAL_TIM_Base_Start_IT                    0x08003075   Thumb Code   100  stm32f4xx_hal_tim.o(i.HAL_TIM_Base_Start_IT)
    HAL_TIM_IC_CaptureCallback               0x080030f5   Thumb Code   520  bsp_capture.o(i.HAL_TIM_IC_CaptureCallback)
    HAL_TIM_IC_Start_IT                      0x0800330d   Thumb Code   240  stm32f4xx_hal_tim.o(i.HAL_TIM_IC_Start_IT)
    HAL_TIM_IRQHandler                       0x08003419   Thumb Code   358  stm32f4xx_hal_tim.o(i.HAL_TIM_IRQHandler)
    HAL_TIM_MspPostInit                      0x08003581   Thumb Code   312  tim.o(i.HAL_TIM_MspPostInit)
    HAL_TIM_OC_DelayElapsedCallback          0x080036ed   Thumb Code     2  stm32f4xx_hal_tim.o(i.HAL_TIM_OC_DelayElapsedCallback)
    HAL_TIM_PWM_ConfigChannel                0x080036ef   Thumb Code   204  stm32f4xx_hal_tim.o(i.HAL_TIM_PWM_ConfigChannel)
    HAL_TIM_PWM_Init                         0x080037bb   Thumb Code    90  stm32f4xx_hal_tim.o(i.HAL_TIM_PWM_Init)
    HAL_TIM_PWM_MspInit                      0x08003815   Thumb Code   142  tim.o(i.HAL_TIM_PWM_MspInit)
    HAL_TIM_PWM_PulseFinishedCallback        0x080038bd   Thumb Code     2  stm32f4xx_hal_tim.o(i.HAL_TIM_PWM_PulseFinishedCallback)
    HAL_TIM_PWM_Start                        0x080038c1   Thumb Code   172  stm32f4xx_hal_tim.o(i.HAL_TIM_PWM_Start)
    HAL_TIM_PeriodElapsedCallback            0x08003989   Thumb Code    14  main.o(i.HAL_TIM_PeriodElapsedCallback)
    HAL_TIM_ReadCapturedValue                0x0800399d   Thumb Code    42  stm32f4xx_hal_tim.o(i.HAL_TIM_ReadCapturedValue)
    HAL_TIM_TriggerCallback                  0x080039c7   Thumb Code     2  stm32f4xx_hal_tim.o(i.HAL_TIM_TriggerCallback)
    HAL_UARTEx_ReceiveToIdle_DMA             0x080039c9   Thumb Code    86  stm32f4xx_hal_uart.o(i.HAL_UARTEx_ReceiveToIdle_DMA)
    HAL_UARTEx_RxEventCallback               0x08003a21   Thumb Code    86  bsp_uart.o(i.HAL_UARTEx_RxEventCallback)
    HAL_UART_DMAStop                         0x08003a81   Thumb Code   112  stm32f4xx_hal_uart.o(i.HAL_UART_DMAStop)
    HAL_UART_ErrorCallback                   0x08003af1   Thumb Code    82  bsp_uart.o(i.HAL_UART_ErrorCallback)
    HAL_UART_Init                            0x08003b4d   Thumb Code    98  stm32f4xx_hal_uart.o(i.HAL_UART_Init)
    HAL_UART_MspInit                         0x08003bb1   Thumb Code   514  usart.o(i.HAL_UART_MspInit)
    HAL_UART_RxCpltCallback                  0x08003de1   Thumb Code     2  stm32f4xx_hal_uart.o(i.HAL_UART_RxCpltCallback)
    HAL_UART_RxHalfCpltCallback              0x08003de3   Thumb Code     2  stm32f4xx_hal_uart.o(i.HAL_UART_RxHalfCpltCallback)
    HSV2RGB                                  0x08003de5   Thumb Code   276  color.o(i.HSV2RGB)
    HardFault_Handler                        0x08003f0d   Thumb Code     2  stm32f4xx_it.o(i.HardFault_Handler)
    IMU_CAN_Init                             0x08003f11   Thumb Code    22  imu_can.o(i.IMU_CAN_Init)
    InteractionThread_Init                   0x08003f31   Thumb Code    32  interactionthread.o(i.InteractionThread_Init)
    MX_ADC3_Init                             0x08003f61   Thumb Code    90  adc.o(i.MX_ADC3_Init)
    MX_CAN1_Init                             0x08003fc9   Thumb Code    58  can.o(i.MX_CAN1_Init)
    MX_CAN2_Init                             0x0800400d   Thumb Code    58  can.o(i.MX_CAN2_Init)
    MX_DMA_Init                              0x08004051   Thumb Code   136  dma.o(i.MX_DMA_Init)
    MX_FREERTOS_Init                         0x080040dd   Thumb Code    18  freertos.o(i.MX_FREERTOS_Init)
    MX_GPIO_Init                             0x080040fd   Thumb Code   336  gpio.o(i.MX_GPIO_Init)
    MX_I2C2_Init                             0x08004261   Thumb Code    50  i2c.o(i.MX_I2C2_Init)
    MX_I2C3_Init                             0x080042a1   Thumb Code    50  i2c.o(i.MX_I2C3_Init)
    MX_SPI1_Init                             0x080042e1   Thumb Code    62  spi.o(i.MX_SPI1_Init)
    MX_SPI2_Init                             0x08004329   Thumb Code    60  spi.o(i.MX_SPI2_Init)
    MX_TIM10_Init                            0x0800436d   Thumb Code    92  tim.o(i.MX_TIM10_Init)
    MX_TIM1_Init                             0x080043d1   Thumb Code   200  tim.o(i.MX_TIM1_Init)
    MX_TIM3_Init                             0x080044a1   Thumb Code   102  tim.o(i.MX_TIM3_Init)
    MX_TIM4_Init                             0x08004511   Thumb Code   102  tim.o(i.MX_TIM4_Init)
    MX_TIM5_Init                             0x08004581   Thumb Code   134  tim.o(i.MX_TIM5_Init)
    MX_TIM8_Init                             0x08004611   Thumb Code   184  tim.o(i.MX_TIM8_Init)
    MX_USART1_UART_Init                      0x080046d1   Thumb Code    48  usart.o(i.MX_USART1_UART_Init)
    MX_USART3_UART_Init                      0x08004709   Thumb Code    50  usart.o(i.MX_USART3_UART_Init)
    MX_USART6_UART_Init                      0x08004749   Thumb Code    48  usart.o(i.MX_USART6_UART_Init)
    MX_USB_OTG_FS_PCD_Init                   0x08004781   Thumb Code    52  usb_otg.o(i.MX_USB_OTG_FS_PCD_Init)
    MainThread_Init                          0x080047b9   Thumb Code    18  mainthread.o(i.MainThread_Init)
    MemManage_Handler                        0x080047d9   Thumb Code     2  stm32f4xx_it.o(i.MemManage_Handler)
    Motor_CAN_Feed                           0x080047dd   Thumb Code    12  motor.o(i.Motor_CAN_Feed)
    Motor_CAN_Recv_Parser                    0x080047ed   Thumb Code    80  motor.o(i.Motor_CAN_Recv_Parser)
    Motor_Init                               0x08004841   Thumb Code    34  motor.o(i.Motor_Init)
    NMI_Handler                              0x08004879   Thumb Code     2  stm32f4xx_it.o(i.NMI_Handler)
    SPI1_IRQHandler                          0x0800487d   Thumb Code     6  stm32f4xx_it.o(i.SPI1_IRQHandler)
    StartDefaultTask                         0x08004899   Thumb Code     8  freertos.o(i.StartDefaultTask)
    SysTick_Handler                          0x080048a1   Thumb Code    26  cmsis_os2.o(i.SysTick_Handler)
    SystemClock_Config                       0x080048bd   Thumb Code   136  main.o(i.SystemClock_Config)
    SystemInit                               0x0800494d   Thumb Code    12  system_stm32f4xx.o(i.SystemInit)
    TIM8_TRG_COM_TIM14_IRQHandler            0x0800495d   Thumb Code    18  stm32f4xx_it.o(i.TIM8_TRG_COM_TIM14_IRQHandler)
    TIM_Base_SetConfig                       0x08004979   Thumb Code   156  stm32f4xx_hal_tim.o(i.TIM_Base_SetConfig)
    TIM_CCxChannelCmd                        0x08004a41   Thumb Code    26  stm32f4xx_hal_tim.o(i.TIM_CCxChannelCmd)
    TIM_OC2_SetConfig                        0x08004abd   Thumb Code    98  stm32f4xx_hal_tim.o(i.TIM_OC2_SetConfig)
    UART_Start_Receive_DMA                   0x08004e3d   Thumb Code   134  stm32f4xx_hal_uart.o(i.UART_Start_Receive_DMA)
    USB_CoreInit                             0x08004ed1   Thumb Code   112  stm32f4xx_ll_usb.o(i.USB_CoreInit)
    USB_DevDisconnect                        0x08004f85   Thumb Code    28  stm32f4xx_ll_usb.o(i.USB_DevDisconnect)
    USB_DevInit                              0x08004fa1   Thumb Code   362  stm32f4xx_ll_usb.o(i.USB_DevInit)
    USB_DisableGlobalInt                     0x08005115   Thumb Code    12  stm32f4xx_ll_usb.o(i.USB_DisableGlobalInt)
    USB_FlushRxFifo                          0x08005121   Thumb Code    54  stm32f4xx_ll_usb.o(i.USB_FlushRxFifo)
    USB_FlushTxFifo                          0x0800515d   Thumb Code    58  stm32f4xx_ll_usb.o(i.USB_FlushTxFifo)
    USB_SetCurrentMode                       0x0800519d   Thumb Code    92  stm32f4xx_ll_usb.o(i.USB_SetCurrentMode)
    UsageFault_Handler                       0x080051f9   Thumb Code     2  stm32f4xx_it.o(i.UsageFault_Handler)
    Buzzer_Task(void*)                       0x080051fd   Thumb Code   220  interactionthread.o(i._Z11Buzzer_TaskPv)
    IMU_CAN_Parser(IMU_CAN_t*, unsigned, unsigned char*) 0x080052e5   Thumb Code   372  imu_can.o(i._Z14IMU_CAN_ParserP9IMU_CAN_tjPh)
    BSP_CAN_SendData(unsigned char, bool, bool, unsigned, unsigned, unsigned char*, unsigned) 0x0800546d   Thumb Code   132  bsp_can.o(i._Z16BSP_CAN_SendDatahbbjjPhj)
    Buzzer(unsigned, unsigned)               0x080055d1   Thumb Code    34  interactionthread.o(i._Z6Buzzerjj)
    LED_Task(void*)                          0x0800561d   Thumb Code    92  interactionthread.o(i._Z8LED_TaskPv)
    MainTask(void*)                          0x08005685   Thumb Code    28  mainthread.o(i._Z8MainTaskPv)
    MotorTask(void*)                         0x080056a1   Thumb Code   306  motor.o(i._Z9MotorTaskPv)
    LPF_t::LPF_t()                           0x08005809   Thumb Code    18  lpf.o(i._ZN5LPF_tC1Ev)
    LPF_t::LPF_t__sub_object()               0x08005809   Thumb Code     0  lpf.o(i._ZN5LPF_tC1Ev)
    PID_t::PID_t()                           0x08005821   Thumb Code    62  motortool.o(i._ZN5PID_tC1Ev)
    PID_t::PID_t__sub_object()               0x08005821   Thumb Code     0  motortool.o(i._ZN5PID_tC1Ev)
    Motor_t::Motor_t()                       0x08005869   Thumb Code    18  motor.o(i._ZN7Motor_tC1Ev)
    Motor_t::Motor_t__sub_object()           0x08005869   Thumb Code     0  motor.o(i._ZN7Motor_tC1Ev)
    Gimbal_t::Gimbal_t()                     0x0800587b   Thumb Code    40  gimbalthread.o(i._ZN8Gimbal_tC1Ev)
    Gimbal_t::Gimbal_t__sub_object()         0x0800587b   Thumb Code     0  gimbalthread.o(i._ZN8Gimbal_tC1Ev)
    std::fmod(float, float)                  0x080058a3   Thumb Code     4  color.o(i._ZSt4fmodff)
    operator delete[] (void*)                0x080058ed   Thumb Code     8  array_del.o(i._ZdaPv)
    operator delete (void*)                  0x080058f5   Thumb Code     8  delete.o(i._ZdlPv)
    operator new[] (unsigned)                0x080058fd   Thumb Code     8  array_new.o(i._Znaj)
    operator new(unsigned)                   0x08005905   Thumb Code    34  new.o(i._Znwj)
    __aeabi_vec_ctor_nocookie_nodtor         0x0800594d   Thumb Code    36  aeabi_vec_ctor_nocookie_nodtor.o(i.__aeabi_vec_ctor_nocookie_nodtor)
    __hardfp_fmodf                           0x08005971   Thumb Code   176  fmodf.o(i.__hardfp_fmodf)
    __mathlib_flt_invalid                    0x08005a21   Thumb Code    10  funder.o(i.__mathlib_flt_invalid)
    __scatterload_copy                       0x08005a31   Thumb Code    14  handlers.o(i.__scatterload_copy)
    __scatterload_null                       0x08005a3f   Thumb Code     2  handlers.o(i.__scatterload_null)
    __scatterload_zeroinit                   0x08005a41   Thumb Code    14  handlers.o(i.__scatterload_zeroinit)
    __set_errno                              0x08005a51   Thumb Code     6  errno.o(i.__set_errno)
    free                                     0x08005b35   Thumb Code    76  malloc.o(i.free)
    main                                     0x08005b85   Thumb Code   146  main.o(i.main)
    malloc                                   0x08005c19   Thumb Code    92  malloc.o(i.malloc)
    osDelay                                  0x08005c85   Thumb Code    26  cmsis_os2.o(i.osDelay)
    osKernelInitialize                       0x08005ca1   Thumb Code    32  cmsis_os2.o(i.osKernelInitialize)
    osKernelStart                            0x08005cc5   Thumb Code    48  cmsis_os2.o(i.osKernelStart)
    osThreadNew                              0x08005cfd   Thumb Code   138  cmsis_os2.o(i.osThreadNew)
    pvPortMalloc                             0x0800651d   Thumb Code   216  heap_4.o(i.pvPortMalloc)
    pxPortInitialiseStack                    0x080065f9   Thumb Code    40  port.o(i.pxPortInitialiseStack)
    uxListRemove                             0x08006625   Thumb Code    38  list.o(i.uxListRemove)
    vApplicationGetIdleTaskMemory            0x0800664d   Thumb Code    16  cmsis_os2.o(i.vApplicationGetIdleTaskMemory)
    vApplicationGetTimerTaskMemory           0x08006661   Thumb Code    18  cmsis_os2.o(i.vApplicationGetTimerTaskMemory)
    vListInitialise                          0x08006679   Thumb Code    22  list.o(i.vListInitialise)
    vListInitialiseItem                      0x0800668f   Thumb Code     6  list.o(i.vListInitialiseItem)
    vListInsert                              0x08006695   Thumb Code    48  list.o(i.vListInsert)
    vListInsertEnd                           0x080066c5   Thumb Code    24  list.o(i.vListInsertEnd)
    vPortEnterCritical                       0x080066dd   Thumb Code    54  port.o(i.vPortEnterCritical)
    vPortExitCritical                        0x0800671d   Thumb Code    34  port.o(i.vPortExitCritical)
    vPortFree                                0x08006745   Thumb Code    94  heap_4.o(i.vPortFree)
    vPortSetupTimerInterrupt                 0x080067a9   Thumb Code    32  port.o(i.vPortSetupTimerInterrupt)
    vPortValidateInterruptPriority           0x080067cd   Thumb Code    74  port.o(i.vPortValidateInterruptPriority)
    vQueueAddToRegistry                      0x08006821   Thumb Code    34  queue.o(i.vQueueAddToRegistry)
    vQueueWaitForMessageRestricted           0x08006849   Thumb Code    68  queue.o(i.vQueueWaitForMessageRestricted)
    vTaskDelay                               0x0800688d   Thumb Code    66  tasks.o(i.vTaskDelay)
    vTaskInternalSetTimeOutState             0x080068d9   Thumb Code    12  tasks.o(i.vTaskInternalSetTimeOutState)
    vTaskMissedYield                         0x080068e9   Thumb Code     8  tasks.o(i.vTaskMissedYield)
    vTaskPlaceOnEventList                    0x080068f5   Thumb Code    44  tasks.o(i.vTaskPlaceOnEventList)
    vTaskPlaceOnEventListRestricted          0x08006925   Thumb Code    52  tasks.o(i.vTaskPlaceOnEventListRestricted)
    vTaskStartScheduler                      0x0800695d   Thumb Code   118  tasks.o(i.vTaskStartScheduler)
    vTaskSuspendAll                          0x080069e5   Thumb Code    10  tasks.o(i.vTaskSuspendAll)
    vTaskSwitchContext                       0x080069f5   Thumb Code    90  tasks.o(i.vTaskSwitchContext)
    xPortStartScheduler                      0x08006a59   Thumb Code   222  port.o(i.xPortStartScheduler)
    xPortSysTickHandler                      0x08006b4d   Thumb Code    38  port.o(i.xPortSysTickHandler)
    xQueueGenericCreateStatic                0x08006b79   Thumb Code   102  queue.o(i.xQueueGenericCreateStatic)
    xQueueGenericReset                       0x08006be1   Thumb Code   132  queue.o(i.xQueueGenericReset)
    xQueueGenericSend                        0x08006c69   Thumb Code   346  queue.o(i.xQueueGenericSend)
    xQueueGenericSendFromISR                 0x08006dc9   Thumb Code   190  queue.o(i.xQueueGenericSendFromISR)
    xQueueReceive                            0x08006e89   Thumb Code   308  queue.o(i.xQueueReceive)
    xTaskCheckForTimeOut                     0x08006fc1   Thumb Code   112  tasks.o(i.xTaskCheckForTimeOut)
    xTaskCreate                              0x08007035   Thumb Code    90  tasks.o(i.xTaskCreate)
    xTaskCreateStatic                        0x0800708f   Thumb Code    86  tasks.o(i.xTaskCreateStatic)
    xTaskGetSchedulerState                   0x080070e5   Thumb Code    22  tasks.o(i.xTaskGetSchedulerState)
    xTaskGetTickCount                        0x08007101   Thumb Code     6  tasks.o(i.xTaskGetTickCount)
    xTaskIncrementTick                       0x0800710d   Thumb Code   192  tasks.o(i.xTaskIncrementTick)
    xTaskPriorityDisinherit                  0x080071d5   Thumb Code   118  tasks.o(i.xTaskPriorityDisinherit)
    xTaskRemoveFromEventList                 0x08007255   Thumb Code    98  tasks.o(i.xTaskRemoveFromEventList)
    xTaskResumeAll                           0x080072c5   Thumb Code   182  tasks.o(i.xTaskResumeAll)
    xTimerCreateTimerTask                    0x08007389   Thumb Code    78  timers.o(i.xTimerCreateTimerTask)
    xTimerGenericCommand                     0x080073e9   Thumb Code    98  timers.o(i.xTimerGenericCommand)
    __rw::__rw_locale_vector<__rw::__rw_cat*>::~__rw_locale_vector() 0x08007451   Thumb Code    14  rwcats.o(t._ZN4__rw18__rw_locale_vectorIPNS_8__rw_catEED1Ev)
    __rw::__rw_locale_vector<__rw::__rw_cat*>::~__rw_locale_vector__sub_object() 0x08007451   Thumb Code     0  rwcats.o(t._ZN4__rw18__rw_locale_vectorIPNS_8__rw_catEED1Ev)
    defaultTask_attributes                   0x08007460   Data          36  freertos.o(.constdata)
    AHBPrescTable                            0x0800751c   Data          16  system_stm32f4xx.o(.constdata)
    APBPrescTable                            0x0800752c   Data           8  system_stm32f4xx.o(.constdata)
    Region$$Table$$Base                      0x0800756c   Number         0  anon$$obj.o(Region$$Table)
    Region$$Table$$Limit                     0x0800758c   Number         0  anon$$obj.o(Region$$Table)
    SHT$$INIT_ARRAY$$Base                    0x0800758c   Number         0  motor.o(.init_array)
    SHT$$INIT_ARRAY$$Limit                   0x080075a8   Number         0  rwcats.o(.init_array)
    defaultTaskHandle                        0x20000000   Data           4  freertos.o(.data)
    waiting_count                            0x2000004c   Data           4  bsp_uart.o(.data)
    repair_count                             0x20000050   Data           4  bsp_uart.o(.data)
    DR16_OnlineFlag                          0x20000060   Data           1  dr16.o(.data)
    MotorThreadHandle                        0x20000064   Data           4  motor.o(.data)
    MainThreadHandle                         0x20000068   Data           4  mainthread.o(.data)
    Interaction                              0x20000070   Data           4  interactionthread.o(.data)
    LEDThreadHandle                          0x20000074   Data           4  interactionthread.o(.data)
    BuzzerThreadHandle                       0x20000078   Data           4  interactionthread.o(.data)
    uwTickFreq                               0x2000007c   Data           1  stm32f4xx_hal.o(.data)
    uwTickPrio                               0x20000080   Data           4  stm32f4xx_hal.o(.data)
    uwTick                                   0x20000084   Data           4  stm32f4xx_hal.o(.data)
    SystemCoreClock                          0x20000088   Data           4  system_stm32f4xx.o(.data)
    pxCurrentTCB                             0x2000008c   Data           4  tasks.o(.data)
    std::ctype<char>::id                     0x2000010c   Data           4  char.o(.data)
    std::ctype<wchar_t>::id                  0x20000110   Data           4  char.o(.data)
    std::locale::_C_classic                  0x2000011c   Data           4  locale.o(.data)
    std::locale::_C_native                   0x20000120   Data           4  locale.o(.data)
    std::locale::_C_global                   0x20000124   Data           4  locale.o(.data)
    std::codecvt<char, char, std::__mbstate_t>::id 0x20000128   Data           4  locale.o(.data)
    std::codecvt<wchar_t, char, std::__mbstate_t>::id 0x2000012c   Data           4  locale.o(.data)
    __microlib_freelist                      0x20000130   Data           4  mvars.o(.data)
    __microlib_freelist_initialised          0x20000134   Data           4  mvars.o(.data)
    hadc3                                    0x20000154   Data          72  adc.o(.bss)
    hdma_adc3                                0x2000019c   Data          96  adc.o(.bss)
    hcan1                                    0x200001fc   Data          40  can.o(.bss)
    hcan2                                    0x20000224   Data          40  can.o(.bss)
    hi2c2                                    0x2000024c   Data          84  i2c.o(.bss)
    hi2c3                                    0x200002a0   Data          84  i2c.o(.bss)
    hspi1                                    0x200002f4   Data          88  spi.o(.bss)
    hspi2                                    0x2000034c   Data          88  spi.o(.bss)
    hdma_spi1_rx                             0x200003a4   Data          96  spi.o(.bss)
    hdma_spi1_tx                             0x20000404   Data          96  spi.o(.bss)
    htim1                                    0x20000464   Data          72  tim.o(.bss)
    htim3                                    0x200004ac   Data          72  tim.o(.bss)
    htim4                                    0x200004f4   Data          72  tim.o(.bss)
    htim5                                    0x2000053c   Data          72  tim.o(.bss)
    htim8                                    0x20000584   Data          72  tim.o(.bss)
    htim10                                   0x200005cc   Data          72  tim.o(.bss)
    huart1                                   0x20000614   Data          68  usart.o(.bss)
    huart3                                   0x20000658   Data          68  usart.o(.bss)
    huart6                                   0x2000069c   Data          68  usart.o(.bss)
    hdma_usart1_rx                           0x200006e0   Data          96  usart.o(.bss)
    hdma_usart3_rx                           0x20000740   Data          96  usart.o(.bss)
    hdma_usart6_rx                           0x200007a0   Data          96  usart.o(.bss)
    hpcd_USB_OTG_FS                          0x20000800   Data        1292  usb_otg.o(.bss)
    htim14                                   0x20000d0c   Data          72  stm32f4xx_hal_timebase_tim.o(.bss)
    vofa_buff                                0x20000e1c   Data          60  bsp_uart.o(.bss)
    UART_ErrorCount                          0x20000e58   Data          24  bsp_uart.o(.bss)
    UART_Buff                                0x20000e70   Data         768  bsp_uart.o(.bss)
    IMU                                      0x20001188   Data         180  imu_can.o(.bss)
    Motor                                    0x2000123c   Data         384  motor.o(.bss)
    Chassis                                  0x200013d4   Data         340  chassisthread.o(.bss)
    xQueueRegistry                           0x20001618   Data          64  queue.o(.bss)
    __heap_base                              0x20005ef0   Data           0  startup_stm32f407xx.o(HEAP)
    __heap_limit                             0x200062f0   Data           0  startup_stm32f407xx.o(HEAP)
    __initial_sp                             0x20006af0   Data           0  startup_stm32f407xx.o(STACK)



==============================================================================

Memory Map of the image

  Image Entry point : 0x08000189

  Load Region LR_IROM1 (Base: 0x08000000, Size: 0x000076fc, Max: 0x00100000, ABSOLUTE, COMPRESSED[0x000075dc])

    Execution Region ER_IROM1 (Exec base: 0x08000000, Load base: 0x08000000, Size: 0x000075a8, Max: 0x00100000, ABSOLUTE)

    Exec Addr    Load Addr    Size         Type   Attr      Idx    E Section Name        Object

    0x08000000   0x08000000   0x00000188   Data   RO            3    RESET               startup_stm32f407xx.o
    0x08000188   0x08000188   0x00000000   Code   RO        11109  * .ARM.Collect$$$$00000000  mc_w.l(entry.o)
    0x08000188   0x08000188   0x00000004   Code   RO        11828    .ARM.Collect$$$$00000001  mc_w.l(entry2.o)
    0x0800018c   0x0800018c   0x00000004   Code   RO        11831    .ARM.Collect$$$$00000004  mc_w.l(entry5.o)
    0x08000190   0x08000190   0x00000000   Code   RO        11833    .ARM.Collect$$$$00000008  mc_w.l(entry7b.o)
    0x08000190   0x08000190   0x00000004   Code   RO        11834    .ARM.Collect$$$$00000009  mc_w.l(entry8a.o)
    0x08000194   0x08000194   0x00000000   Code   RO        11835    .ARM.Collect$$$$0000000A  mc_w.l(entry8b.o)
    0x08000194   0x08000194   0x00000008   Code   RO        11836    .ARM.Collect$$$$0000000B  mc_w.l(entry9a.o)
    0x0800019c   0x0800019c   0x00000004   Code   RO        11843    .ARM.Collect$$$$0000000E  mc_w.l(entry12b.o)
    0x080001a0   0x080001a0   0x00000000   Code   RO        11838    .ARM.Collect$$$$0000000F  mc_w.l(entry10a.o)
    0x080001a0   0x080001a0   0x00000004   Code   RO        11839    .ARM.Collect$$$$00000010  mc_w.l(entry10b.o)
    0x080001a4   0x080001a4   0x00000000   Code   RO        11840    .ARM.Collect$$$$00000011  mc_w.l(entry11a.o)
    0x080001a4   0x080001a4   0x00000004   Code   RO        11829    .ARM.Collect$$$$00002712  mc_w.l(entry2.o)
    0x080001a8   0x080001a8   0x000000be   Code   RO        10716    .emb_text           port.o
    0x08000266   0x08000266   0x00000002   PAD
    0x08000268   0x08000268   0x00000024   Code   RO            4    .text               startup_stm32f407xx.o
    0x0800028c   0x0800028c   0x00000062   Code   RO        11112    .text               mc_w.l(uldiv.o)
    0x080002ee   0x080002ee   0x00000024   Code   RO        11118    .text               mc_w.l(memseta.o)
    0x08000312   0x08000312   0x00000002   PAD
    0x08000314   0x08000314   0x00000020   Code   RO        11153    .text               mc_w.l(cpp_init.o)
    0x08000334   0x08000334   0x000000de   Code   RO        11155    .text               mf_w.l(ddiv.o)
    0x08000412   0x08000412   0x0000001a   Code   RO        11159    .text               mf_w.l(dfltui.o)
    0x0800042c   0x0800042c   0x0000003e   Code   RO        11161    .text               mf_w.l(dfixi.o)
    0x0800046a   0x0800046a   0x00000026   Code   RO        11163    .text               mf_w.l(f2d.o)
    0x08000490   0x08000490   0x0000001e   Code   RO        11845    .text               mc_w.l(llshl.o)
    0x080004ae   0x080004ae   0x00000020   Code   RO        11847    .text               mc_w.l(llushr.o)
    0x080004ce   0x080004ce   0x00000000   Code   RO        11904    .text               mc_w.l(iusefp.o)
    0x080004ce   0x080004ce   0x0000006e   Code   RO        11905    .text               mf_w.l(fepilogue.o)
    0x0800053c   0x0800053c   0x00000052   Code   RO        11907    .text               mf_w.l(frem.o)
    0x0800058e   0x0800058e   0x000000ba   Code   RO        11909    .text               mf_w.l(depilogue.o)
    0x08000648   0x08000648   0x00000004   Code   RO        12000    .text               cpprt_w.l(arm_newhandler_noexceptions.o)
    0x0800064c   0x0800064c   0x0000001a   Code   RO        12051    .text               cpprt_w.l(arm_exceptions_terminate.o)
    0x08000666   0x08000666   0x00000002   PAD
    0x08000668   0x08000668   0x00000050   Code   RO        12057    .text               cpprt_w.l(arm_exceptions_globs.o)
    0x080006b8   0x080006b8   0x00000024   Code   RO        12063    .text               mc_w.l(init.o)
    0x080006dc   0x080006dc   0x00000042   Code   RO        12106    .text               mc_w.l(memmove.o)
    0x0800071e   0x0800071e   0x00000002   PAD
    0x08000720   0x08000720   0x00000014   Code   RO        12136    .text               mc_w.l(cpp_memory.o)
    0x08000734   0x08000734   0x0000002e   Code   RO        12139    .text               mc_w.l(aeabi_atexit.o)
    0x08000762   0x08000762   0x0000003c   Code   RO        12164    .text               cpprt_w.l(arm_exceptions_mem.o)
    0x0800079e   0x0800079e   0x00000002   PAD
    0x080007a0   0x080007a0   0x00000008   Code   RO        12189    .text               mc_w.l(cpp_dtor.o)
    0x080007a8   0x080007a8   0x00000042   Code   RO        12192    .text               mc_w.l(cxa_finalize.o)
    0x080007ea   0x080007ea   0x00000002   Code   RO        12209    .text               mc_w.l(cpp_final.o)
    0x080007ec   0x080007ec   0x00000056   Code   RO        12223    .text               mc_w.l(__dczerorl2.o)
    0x08000842   0x08000842   0x0000006e   Code   RO         4669    i.ADC_DMAConvCplt   stm32f4xx_hal_adc.o
    0x080008b0   0x080008b0   0x00000016   Code   RO         4670    i.ADC_DMAError      stm32f4xx_hal_adc.o
    0x080008c6   0x080008c6   0x0000000a   Code   RO         4671    i.ADC_DMAHalfConvCplt  stm32f4xx_hal_adc.o
    0x080008d0   0x080008d0   0x0000000c   Code   RO          802    i.ADC_IRQHandler    stm32f4xx_it.o
    0x080008dc   0x080008dc   0x00000128   Code   RO         4672    i.ADC_Init          stm32f4xx_hal_adc.o
    0x08000a04   0x08000a04   0x00000020   Code   RO          992    i.BSP_ADC_Init      bsp_adc.o
    0x08000a24   0x08000a24   0x00000018   Code   RO         1193    i.BSP_Buzzer_Init   bsp_buzzer.o
    0x08000a3c   0x08000a3c   0x00000068   Code   RO         1194    i.BSP_Buzzer_Set    bsp_buzzer.o
    0x08000aa4   0x08000aa4   0x00000090   Code   RO         1232    i.BSP_CAN_Init      bsp_can.o
    0x08000b34   0x08000b34   0x00000018   Code   RO         1235    i.BSP_CAN_SendStandard8Data  bsp_can.o
    0x08000b4c   0x08000b4c   0x00000028   Code   RO         1236    i.BSP_CAN_SetRxCallbackFunc  bsp_can.o
    0x08000b74   0x08000b74   0x0000002c   Code   RO         1329    i.BSP_Capture_Init  bsp_capture.o
    0x08000ba0   0x08000ba0   0x00000024   Code   RO         1416    i.BSP_LEDPWM_Init   bsp_led_pwm.o
    0x08000bc4   0x08000bc4   0x00000040   Code   RO         1418    i.BSP_LEDPWM_RGB_Valf  bsp_led_pwm.o
    0x08000c04   0x08000c04   0x00000048   Code   RO         1474    i.BSP_PWM_Init      bsp_pwm.o
    0x08000c4c   0x08000c4c   0x00000040   Code   RO         1509    i.BSP_UART_Init     bsp_uart.o
    0x08000c8c   0x08000c8c   0x00000010   Code   RO         1514    i.BSP_UART_SetRxCallbackFunc  bsp_uart.o
    0x08000c9c   0x08000c9c   0x00000002   Code   RO          803    i.BusFault_Handler  stm32f4xx_it.o
    0x08000c9e   0x08000c9e   0x00000002   PAD
    0x08000ca0   0x08000ca0   0x0000000c   Code   RO          804    i.CAN1_RX0_IRQHandler  stm32f4xx_it.o
    0x08000cac   0x08000cac   0x0000000c   Code   RO          805    i.CAN2_RX0_IRQHandler  stm32f4xx_it.o
    0x08000cb8   0x08000cb8   0x00000008   Code   RO         4235    i.ChassisPoint      chassisthread.o
    0x08000cc0   0x08000cc0   0x0000000c   Code   RO          806    i.DMA1_Stream1_IRQHandler  stm32f4xx_it.o
    0x08000ccc   0x08000ccc   0x0000000c   Code   RO          807    i.DMA2_Stream0_IRQHandler  stm32f4xx_it.o
    0x08000cd8   0x08000cd8   0x0000000c   Code   RO          808    i.DMA2_Stream1_IRQHandler  stm32f4xx_it.o
    0x08000ce4   0x08000ce4   0x0000000c   Code   RO          809    i.DMA2_Stream2_IRQHandler  stm32f4xx_it.o
    0x08000cf0   0x08000cf0   0x0000000c   Code   RO          810    i.DMA2_Stream3_IRQHandler  stm32f4xx_it.o
    0x08000cfc   0x08000cfc   0x0000000c   Code   RO          811    i.DMA2_Stream5_IRQHandler  stm32f4xx_it.o
    0x08000d08   0x08000d08   0x00000028   Code   RO         5406    i.DMA_CalcBaseAndBitshift  stm32f4xx_hal_dma.o
    0x08000d30   0x08000d30   0x00000054   Code   RO         5407    i.DMA_CheckFifoParam  stm32f4xx_hal_dma.o
    0x08000d84   0x08000d84   0x00000028   Code   RO         5408    i.DMA_SetConfig     stm32f4xx_hal_dma.o
    0x08000dac   0x08000dac   0x0000000c   Code   RO         1908    i.DR16_Init         dr16.o
    0x08000db8   0x08000db8   0x00000008   Code   RO         1909    i.DR16_Point        dr16.o
    0x08000dc0   0x08000dc0   0x00000002   Code   RO          812    i.DebugMon_Handler  stm32f4xx_it.o
    0x08000dc2   0x08000dc2   0x00000004   Code   RO           13    i.Error_Handler     main.o
    0x08000dc6   0x08000dc6   0x00000002   PAD
    0x08000dc8   0x08000dc8   0x00000010   Code   RO         4365    i.GimbalPoint       gimbalthread.o
    0x08000dd8   0x08000dd8   0x00000002   Code   RO         4843    i.HAL_ADCEx_InjectedConvCpltCallback  stm32f4xx_hal_adc_ex.o
    0x08000dda   0x08000dda   0x00000002   PAD
    0x08000ddc   0x08000ddc   0x0000014c   Code   RO         4674    i.HAL_ADC_ConfigChannel  stm32f4xx_hal_adc.o
    0x08000f28   0x08000f28   0x00000030   Code   RO          993    i.HAL_ADC_ConvCpltCallback  bsp_adc.o
    0x08000f58   0x08000f58   0x00000002   Code   RO         4676    i.HAL_ADC_ConvHalfCpltCallback  stm32f4xx_hal_adc.o
    0x08000f5a   0x08000f5a   0x00000002   Code   RO         4678    i.HAL_ADC_ErrorCallback  stm32f4xx_hal_adc.o
    0x08000f5c   0x08000f5c   0x0000012e   Code   RO         4682    i.HAL_ADC_IRQHandler  stm32f4xx_hal_adc.o
    0x0800108a   0x0800108a   0x00000054   Code   RO         4683    i.HAL_ADC_Init      stm32f4xx_hal_adc.o
    0x080010de   0x080010de   0x00000002   Code   RO         4684    i.HAL_ADC_LevelOutOfWindowCallback  stm32f4xx_hal_adc.o
    0x080010e0   0x080010e0   0x000000ac   Code   RO          406    i.HAL_ADC_MspInit   adc.o
    0x0800118c   0x0800118c   0x00000154   Code   RO         4690    i.HAL_ADC_Start_DMA  stm32f4xx_hal_adc.o
    0x080012e0   0x080012e0   0x00000046   Code   RO         6079    i.HAL_CAN_AbortTxRequest  stm32f4xx_hal_can.o
    0x08001326   0x08001326   0x00000024   Code   RO         6080    i.HAL_CAN_ActivateNotification  stm32f4xx_hal_can.o
    0x0800134a   0x0800134a   0x000000dc   Code   RO         6081    i.HAL_CAN_AddTxMessage  stm32f4xx_hal_can.o
    0x08001426   0x08001426   0x00000002   PAD
    0x08001428   0x08001428   0x0000010c   Code   RO         6082    i.HAL_CAN_ConfigFilter  stm32f4xx_hal_can.o
    0x08001534   0x08001534   0x00000002   Code   RO         1238    i.HAL_CAN_ErrorCallback  bsp_can.o
    0x08001536   0x08001536   0x000000e8   Code   RO         6088    i.HAL_CAN_GetRxMessage  stm32f4xx_hal_can.o
    0x0800161e   0x0800161e   0x0000002c   Code   RO         6090    i.HAL_CAN_GetTxMailboxesFreeLevel  stm32f4xx_hal_can.o
    0x0800164a   0x0800164a   0x000001fc   Code   RO         6092    i.HAL_CAN_IRQHandler  stm32f4xx_hal_can.o
    0x08001846   0x08001846   0x0000011a   Code   RO         6093    i.HAL_CAN_Init      stm32f4xx_hal_can.o
    0x08001960   0x08001960   0x000000fc   Code   RO          448    i.HAL_CAN_MspInit   can.o
    0x08001a5c   0x08001a5c   0x00000002   Code   RO         6100    i.HAL_CAN_RxFifo0FullCallback  stm32f4xx_hal_can.o
    0x08001a5e   0x08001a5e   0x00000002   PAD
    0x08001a60   0x08001a60   0x00000078   Code   RO         1239    i.HAL_CAN_RxFifo0MsgPendingCallback  bsp_can.o
    0x08001ad8   0x08001ad8   0x00000002   Code   RO         6102    i.HAL_CAN_RxFifo1FullCallback  stm32f4xx_hal_can.o
    0x08001ada   0x08001ada   0x00000002   Code   RO         6103    i.HAL_CAN_RxFifo1MsgPendingCallback  stm32f4xx_hal_can.o
    0x08001adc   0x08001adc   0x00000002   Code   RO         6104    i.HAL_CAN_SleepCallback  stm32f4xx_hal_can.o
    0x08001ade   0x08001ade   0x00000002   PAD
    0x08001ae0   0x08001ae0   0x00000058   Code   RO         6105    i.HAL_CAN_Start     stm32f4xx_hal_can.o
    0x08001b38   0x08001b38   0x00000002   Code   RO         6107    i.HAL_CAN_TxMailbox0AbortCallback  stm32f4xx_hal_can.o
    0x08001b3a   0x08001b3a   0x00000002   Code   RO         6108    i.HAL_CAN_TxMailbox0CompleteCallback  stm32f4xx_hal_can.o
    0x08001b3c   0x08001b3c   0x00000002   Code   RO         6109    i.HAL_CAN_TxMailbox1AbortCallback  stm32f4xx_hal_can.o
    0x08001b3e   0x08001b3e   0x00000002   Code   RO         6110    i.HAL_CAN_TxMailbox1CompleteCallback  stm32f4xx_hal_can.o
    0x08001b40   0x08001b40   0x00000002   Code   RO         6111    i.HAL_CAN_TxMailbox2AbortCallback  stm32f4xx_hal_can.o
    0x08001b42   0x08001b42   0x00000002   Code   RO         6112    i.HAL_CAN_TxMailbox2CompleteCallback  stm32f4xx_hal_can.o
    0x08001b44   0x08001b44   0x00000002   Code   RO         6114    i.HAL_CAN_WakeUpFromRxMsgCallback  stm32f4xx_hal_can.o
    0x08001b46   0x08001b46   0x00000092   Code   RO         5409    i.HAL_DMA_Abort     stm32f4xx_hal_dma.o
    0x08001bd8   0x08001bd8   0x00000024   Code   RO         5410    i.HAL_DMA_Abort_IT  stm32f4xx_hal_dma.o
    0x08001bfc   0x08001bfc   0x000001a0   Code   RO         5414    i.HAL_DMA_IRQHandler  stm32f4xx_hal_dma.o
    0x08001d9c   0x08001d9c   0x000000d4   Code   RO         5415    i.HAL_DMA_Init      stm32f4xx_hal_dma.o
    0x08001e70   0x08001e70   0x0000006e   Code   RO         5419    i.HAL_DMA_Start_IT  stm32f4xx_hal_dma.o
    0x08001ede   0x08001ede   0x00000002   PAD
    0x08001ee0   0x08001ee0   0x00000024   Code   RO         5828    i.HAL_Delay         stm32f4xx_hal.o
    0x08001f04   0x08001f04   0x000001f0   Code   RO         5302    i.HAL_GPIO_Init     stm32f4xx_hal_gpio.o
    0x080020f4   0x080020f4   0x0000000a   Code   RO         5306    i.HAL_GPIO_WritePin  stm32f4xx_hal_gpio.o
    0x080020fe   0x080020fe   0x00000002   PAD
    0x08002100   0x08002100   0x0000000c   Code   RO         5834    i.HAL_GetTick       stm32f4xx_hal.o
    0x0800210c   0x0800210c   0x00000188   Code   RO         6324    i.HAL_I2C_Init      stm32f4xx_hal_i2c.o
    0x08002294   0x08002294   0x000000e8   Code   RO          521    i.HAL_I2C_MspInit   i2c.o
    0x0800237c   0x0800237c   0x00000010   Code   RO         5840    i.HAL_IncTick       stm32f4xx_hal.o
    0x0800238c   0x0800238c   0x00000034   Code   RO         5841    i.HAL_Init          stm32f4xx_hal.o
    0x080023c0   0x080023c0   0x00000098   Code   RO          950    i.HAL_InitTick      stm32f4xx_hal_timebase_tim.o
    0x08002458   0x08002458   0x00000038   Code   RO          926    i.HAL_MspInit       stm32f4xx_hal_msp.o
    0x08002490   0x08002490   0x0000001a   Code   RO         5691    i.HAL_NVIC_EnableIRQ  stm32f4xx_hal_cortex.o
    0x080024aa   0x080024aa   0x00000002   PAD
    0x080024ac   0x080024ac   0x00000040   Code   RO         5697    i.HAL_NVIC_SetPriority  stm32f4xx_hal_cortex.o
    0x080024ec   0x080024ec   0x00000024   Code   RO         5698    i.HAL_NVIC_SetPriorityGrouping  stm32f4xx_hal_cortex.o
    0x08002510   0x08002510   0x000000e2   Code   RO         8437    i.HAL_PCD_Init      stm32f4xx_hal_pcd.o
    0x080025f2   0x080025f2   0x00000002   PAD
    0x080025f4   0x080025f4   0x00000074   Code   RO          761    i.HAL_PCD_MspInit   usb_otg.o
    0x08002668   0x08002668   0x00000134   Code   RO         4948    i.HAL_RCC_ClockConfig  stm32f4xx_hal_rcc.o
    0x0800279c   0x0800279c   0x00000040   Code   RO         4952    i.HAL_RCC_GetClockConfig  stm32f4xx_hal_rcc.o
    0x080027dc   0x080027dc   0x00000020   Code   RO         4955    i.HAL_RCC_GetPCLK1Freq  stm32f4xx_hal_rcc.o
    0x080027fc   0x080027fc   0x00000020   Code   RO         4956    i.HAL_RCC_GetPCLK2Freq  stm32f4xx_hal_rcc.o
    0x0800281c   0x0800281c   0x00000064   Code   RO         4957    i.HAL_RCC_GetSysClockFreq  stm32f4xx_hal_rcc.o
    0x08002880   0x08002880   0x0000036c   Code   RO         4960    i.HAL_RCC_OscConfig  stm32f4xx_hal_rcc.o
    0x08002bec   0x08002bec   0x00000002   Code   RO         6770    i.HAL_SPI_ErrorCallback  stm32f4xx_hal_spi.o
    0x08002bee   0x08002bee   0x00000002   PAD
    0x08002bf0   0x08002bf0   0x000000fc   Code   RO         6773    i.HAL_SPI_IRQHandler  stm32f4xx_hal_spi.o
    0x08002cec   0x08002cec   0x000000bc   Code   RO         6774    i.HAL_SPI_Init      stm32f4xx_hal_spi.o
    0x08002da8   0x08002da8   0x00000160   Code   RO          569    i.HAL_SPI_MspInit   spi.o
    0x08002f08   0x08002f08   0x00000002   Code   RO         7791    i.HAL_TIMEx_BreakCallback  stm32f4xx_hal_tim_ex.o
    0x08002f0a   0x08002f0a   0x00000002   Code   RO         7792    i.HAL_TIMEx_CommutCallback  stm32f4xx_hal_tim_ex.o
    0x08002f0c   0x08002f0c   0x00000054   Code   RO         7794    i.HAL_TIMEx_ConfigBreakDeadTime  stm32f4xx_hal_tim_ex.o
    0x08002f60   0x08002f60   0x00000090   Code   RO         7810    i.HAL_TIMEx_MasterConfigSynchronization  stm32f4xx_hal_tim_ex.o
    0x08002ff0   0x08002ff0   0x0000005a   Code   RO         7087    i.HAL_TIM_Base_Init  stm32f4xx_hal_tim.o
    0x0800304a   0x0800304a   0x00000002   PAD
    0x0800304c   0x0800304c   0x00000028   Code   RO          617    i.HAL_TIM_Base_MspInit  tim.o
    0x08003074   0x08003074   0x00000080   Code   RO         7092    i.HAL_TIM_Base_Start_IT  stm32f4xx_hal_tim.o
    0x080030f4   0x080030f4   0x00000218   Code   RO         1330    i.HAL_TIM_IC_CaptureCallback  bsp_capture.o
    0x0800330c   0x0800330c   0x0000010c   Code   RO         7131    i.HAL_TIM_IC_Start_IT  stm32f4xx_hal_tim.o
    0x08003418   0x08003418   0x00000166   Code   RO         7135    i.HAL_TIM_IRQHandler  stm32f4xx_hal_tim.o
    0x0800357e   0x0800357e   0x00000002   PAD
    0x08003580   0x08003580   0x0000016c   Code   RO          618    i.HAL_TIM_MspPostInit  tim.o
    0x080036ec   0x080036ec   0x00000002   Code   RO         7138    i.HAL_TIM_OC_DelayElapsedCallback  stm32f4xx_hal_tim.o
    0x080036ee   0x080036ee   0x000000cc   Code   RO         7159    i.HAL_TIM_PWM_ConfigChannel  stm32f4xx_hal_tim.o
    0x080037ba   0x080037ba   0x0000005a   Code   RO         7162    i.HAL_TIM_PWM_Init  stm32f4xx_hal_tim.o
    0x08003814   0x08003814   0x000000a8   Code   RO          620    i.HAL_TIM_PWM_MspInit  tim.o
    0x080038bc   0x080038bc   0x00000002   Code   RO         7165    i.HAL_TIM_PWM_PulseFinishedCallback  stm32f4xx_hal_tim.o
    0x080038be   0x080038be   0x00000002   PAD
    0x080038c0   0x080038c0   0x000000c8   Code   RO         7167    i.HAL_TIM_PWM_Start  stm32f4xx_hal_tim.o
    0x08003988   0x08003988   0x00000014   Code   RO           14    i.HAL_TIM_PeriodElapsedCallback  main.o
    0x0800399c   0x0800399c   0x0000002a   Code   RO         7175    i.HAL_TIM_ReadCapturedValue  stm32f4xx_hal_tim.o
    0x080039c6   0x080039c6   0x00000002   Code   RO         7178    i.HAL_TIM_TriggerCallback  stm32f4xx_hal_tim.o
    0x080039c8   0x080039c8   0x00000056   Code   RO         8067    i.HAL_UARTEx_ReceiveToIdle_DMA  stm32f4xx_hal_uart.o
    0x08003a1e   0x08003a1e   0x00000002   PAD
    0x08003a20   0x08003a20   0x00000060   Code   RO         1517    i.HAL_UARTEx_RxEventCallback  bsp_uart.o
    0x08003a80   0x08003a80   0x00000070   Code   RO         8081    i.HAL_UART_DMAStop  stm32f4xx_hal_uart.o
    0x08003af0   0x08003af0   0x0000005c   Code   RO         1518    i.HAL_UART_ErrorCallback  bsp_uart.o
    0x08003b4c   0x08003b4c   0x00000062   Code   RO         8087    i.HAL_UART_Init     stm32f4xx_hal_uart.o
    0x08003bae   0x08003bae   0x00000002   PAD
    0x08003bb0   0x08003bb0   0x00000230   Code   RO          707    i.HAL_UART_MspInit  usart.o
    0x08003de0   0x08003de0   0x00000002   Code   RO         8093    i.HAL_UART_RxCpltCallback  stm32f4xx_hal_uart.o
    0x08003de2   0x08003de2   0x00000002   Code   RO         8094    i.HAL_UART_RxHalfCpltCallback  stm32f4xx_hal_uart.o
    0x08003de4   0x08003de4   0x00000128   Code   RO         3304    i.HSV2RGB           color.o
    0x08003f0c   0x08003f0c   0x00000002   Code   RO          813    i.HardFault_Handler  stm32f4xx_it.o
    0x08003f0e   0x08003f0e   0x00000002   PAD
    0x08003f10   0x08003f10   0x00000020   Code   RO         2045    i.IMU_CAN_Init      imu_can.o
    0x08003f30   0x08003f30   0x00000030   Code   RO         3978    i.InteractionThread_Init  interactionthread.o
    0x08003f60   0x08003f60   0x00000068   Code   RO          407    i.MX_ADC3_Init      adc.o
    0x08003fc8   0x08003fc8   0x00000044   Code   RO          449    i.MX_CAN1_Init      can.o
    0x0800400c   0x0800400c   0x00000044   Code   RO          450    i.MX_CAN2_Init      can.o
    0x08004050   0x08004050   0x0000008c   Code   RO          496    i.MX_DMA_Init       dma.o
    0x080040dc   0x080040dc   0x00000020   Code   RO          362    i.MX_FREERTOS_Init  freertos.o
    0x080040fc   0x080040fc   0x00000164   Code   RO          338    i.MX_GPIO_Init      gpio.o
    0x08004260   0x08004260   0x00000040   Code   RO          522    i.MX_I2C2_Init      i2c.o
    0x080042a0   0x080042a0   0x00000040   Code   RO          523    i.MX_I2C3_Init      i2c.o
    0x080042e0   0x080042e0   0x00000048   Code   RO          570    i.MX_SPI1_Init      spi.o
    0x08004328   0x08004328   0x00000044   Code   RO          571    i.MX_SPI2_Init      spi.o
    0x0800436c   0x0800436c   0x00000064   Code   RO          621    i.MX_TIM10_Init     tim.o
    0x080043d0   0x080043d0   0x000000d0   Code   RO          622    i.MX_TIM1_Init      tim.o
    0x080044a0   0x080044a0   0x00000070   Code   RO          623    i.MX_TIM3_Init      tim.o
    0x08004510   0x08004510   0x00000070   Code   RO          624    i.MX_TIM4_Init      tim.o
    0x08004580   0x08004580   0x00000090   Code   RO          625    i.MX_TIM5_Init      tim.o
    0x08004610   0x08004610   0x000000c0   Code   RO          626    i.MX_TIM8_Init      tim.o
    0x080046d0   0x080046d0   0x00000038   Code   RO          708    i.MX_USART1_UART_Init  usart.o
    0x08004708   0x08004708   0x00000040   Code   RO          709    i.MX_USART3_UART_Init  usart.o
    0x08004748   0x08004748   0x00000038   Code   RO          710    i.MX_USART6_UART_Init  usart.o
    0x08004780   0x08004780   0x00000038   Code   RO          762    i.MX_USB_OTG_FS_PCD_Init  usb_otg.o
    0x080047b8   0x080047b8   0x00000020   Code   RO         3781    i.MainThread_Init   mainthread.o
    0x080047d8   0x080047d8   0x00000002   Code   RO          814    i.MemManage_Handler  stm32f4xx_it.o
    0x080047da   0x080047da   0x00000002   PAD
    0x080047dc   0x080047dc   0x00000010   Code   RO         2097    i.Motor_CAN_Feed    motor.o
    0x080047ec   0x080047ec   0x00000054   Code   RO         2098    i.Motor_CAN_Recv_Parser  motor.o
    0x08004840   0x08004840   0x00000038   Code   RO         2099    i.Motor_Init        motor.o
    0x08004878   0x08004878   0x00000002   Code   RO          815    i.NMI_Handler       stm32f4xx_it.o
    0x0800487a   0x0800487a   0x00000002   PAD
    0x0800487c   0x0800487c   0x0000000c   Code   RO          816    i.SPI1_IRQHandler   stm32f4xx_it.o
    0x08004888   0x08004888   0x00000010   Code   RO         6801    i.SPI_DMAAbortOnError  stm32f4xx_hal_spi.o
    0x08004898   0x08004898   0x00000008   Code   RO          363    i.StartDefaultTask  freertos.o
    0x080048a0   0x080048a0   0x0000001a   Code   RO        10148    i.SysTick_Handler   cmsis_os2.o
    0x080048ba   0x080048ba   0x00000002   PAD
    0x080048bc   0x080048bc   0x00000090   Code   RO           15    i.SystemClock_Config  main.o
    0x0800494c   0x0800494c   0x00000010   Code   RO         9001    i.SystemInit        system_stm32f4xx.o
    0x0800495c   0x0800495c   0x0000001c   Code   RO          817    i.TIM8_TRG_COM_TIM14_IRQHandler  stm32f4xx_it.o
    0x08004978   0x08004978   0x000000c8   Code   RO         7180    i.TIM_Base_SetConfig  stm32f4xx_hal_tim.o
    0x08004a40   0x08004a40   0x0000001a   Code   RO         7181    i.TIM_CCxChannelCmd  stm32f4xx_hal_tim.o
    0x08004a5a   0x08004a5a   0x00000002   PAD
    0x08004a5c   0x08004a5c   0x00000060   Code   RO         7193    i.TIM_OC1_SetConfig  stm32f4xx_hal_tim.o
    0x08004abc   0x08004abc   0x0000006c   Code   RO         7194    i.TIM_OC2_SetConfig  stm32f4xx_hal_tim.o
    0x08004b28   0x08004b28   0x00000068   Code   RO         7195    i.TIM_OC3_SetConfig  stm32f4xx_hal_tim.o
    0x08004b90   0x08004b90   0x00000050   Code   RO         7196    i.TIM_OC4_SetConfig  stm32f4xx_hal_tim.o
    0x08004be0   0x08004be0   0x0000004a   Code   RO         8101    i.UART_DMAError     stm32f4xx_hal_uart.o
    0x08004c2a   0x08004c2a   0x00000082   Code   RO         8102    i.UART_DMAReceiveCplt  stm32f4xx_hal_uart.o
    0x08004cac   0x08004cac   0x0000001a   Code   RO         8104    i.UART_DMARxHalfCplt  stm32f4xx_hal_uart.o
    0x08004cc6   0x08004cc6   0x0000004e   Code   RO         8110    i.UART_EndRxTransfer  stm32f4xx_hal_uart.o
    0x08004d14   0x08004d14   0x0000001c   Code   RO         8111    i.UART_EndTxTransfer  stm32f4xx_hal_uart.o
    0x08004d30   0x08004d30   0x0000010c   Code   RO         8113    i.UART_SetConfig    stm32f4xx_hal_uart.o
    0x08004e3c   0x08004e3c   0x00000094   Code   RO         8114    i.UART_Start_Receive_DMA  stm32f4xx_hal_uart.o
    0x08004ed0   0x08004ed0   0x00000074   Code   RO         8700    i.USB_CoreInit      stm32f4xx_ll_usb.o
    0x08004f44   0x08004f44   0x00000040   Code   RO         8701    i.USB_CoreReset     stm32f4xx_ll_usb.o
    0x08004f84   0x08004f84   0x0000001c   Code   RO         8706    i.USB_DevDisconnect  stm32f4xx_ll_usb.o
    0x08004fa0   0x08004fa0   0x00000174   Code   RO         8707    i.USB_DevInit       stm32f4xx_ll_usb.o
    0x08005114   0x08005114   0x0000000c   Code   RO         8708    i.USB_DisableGlobalInt  stm32f4xx_ll_usb.o
    0x08005120   0x08005120   0x0000003c   Code   RO         8718    i.USB_FlushRxFifo   stm32f4xx_ll_usb.o
    0x0800515c   0x0800515c   0x00000040   Code   RO         8719    i.USB_FlushTxFifo   stm32f4xx_ll_usb.o
    0x0800519c   0x0800519c   0x0000005c   Code   RO         8737    i.USB_SetCurrentMode  stm32f4xx_ll_usb.o
    0x080051f8   0x080051f8   0x00000002   Code   RO          818    i.UsageFault_Handler  stm32f4xx_it.o
    0x080051fa   0x080051fa   0x00000002   PAD
    0x080051fc   0x080051fc   0x000000e8   Code   RO         3979    i._Z11Buzzer_TaskPv  interactionthread.o
    0x080052e4   0x080052e4   0x00000188   Code   RO         2047    i._Z14IMU_CAN_ParserP9IMU_CAN_tjPh  imu_can.o
    0x0800546c   0x0800546c   0x0000008c   Code   RO         1240    i._Z16BSP_CAN_SendDatahbbjjPhj  bsp_can.o
    0x080054f8   0x080054f8   0x000000d8   Code   RO         1910    i._Z18UART_CallBack_DR16Phj  dr16.o
    0x080055d0   0x080055d0   0x00000028   Code   RO         3980    i._Z6Buzzerjj       interactionthread.o
    0x080055f8   0x080055f8   0x00000022   Code   RO         1331    i._Z8Channel2h      bsp_capture.o
    0x0800561a   0x0800561a   0x00000002   PAD
    0x0800561c   0x0800561c   0x00000068   Code   RO         3981    i._Z8LED_TaskPv     interactionthread.o
    0x08005684   0x08005684   0x0000001c   Code   RO         3783    i._Z8MainTaskPv     mainthread.o
    0x080056a0   0x080056a0   0x00000132   Code   RO         2101    i._Z9MotorTaskPv    motor.o
    0x080057d2   0x080057d2   0x00000036   Code   RO         2102    i._ZN27_INTERNAL_9_Motor_cpp_Motor15CAN_SendToMotorEhjssss  motor.o
    0x08005808   0x08005808   0x00000018   Code   RO         1805    i._ZN5LPF_tC1Ev     lpf.o
    0x08005820   0x08005820   0x00000048   Code   RO         3451    i._ZN5PID_tC1Ev     motortool.o
    0x08005868   0x08005868   0x00000012   Code   RO         2213    i._ZN7Motor_tC1Ev   motor.o
    0x0800587a   0x0800587a   0x00000028   Code   RO         4456    i._ZN8Gimbal_tC1Ev  gimbalthread.o
    0x080058a2   0x080058a2   0x00000004   Code   RO         3344    i._ZSt4fmodff       color.o
    0x080058a6   0x080058a6   0x00000014   Code   RO         2110    i._ZZ10Motor_InitENUljPhE0_4_FUNEjS_  motor.o
    0x080058ba   0x080058ba   0x00000010   Code   RO         2111    i._ZZ10Motor_InitENUljPhE_4_FUNEjS_  motor.o
    0x080058ca   0x080058ca   0x00000002   PAD
    0x080058cc   0x080058cc   0x00000010   Code   RO         2048    i._ZZ12IMU_CAN_InitENUljPhE0_4_FUNEjS_  imu_can.o
    0x080058dc   0x080058dc   0x00000010   Code   RO         2049    i._ZZ12IMU_CAN_InitENUljPhE_4_FUNEjS_  imu_can.o
    0x080058ec   0x080058ec   0x00000008   Code   RO        11652    i._ZdaPv            cpprt_w.l(array_del.o)
    0x080058f4   0x080058f4   0x00000008   Code   RO        11659    i._ZdlPv            cpprt_w.l(delete.o)
    0x080058fc   0x080058fc   0x00000008   Code   RO        11655    i._Znaj             cpprt_w.l(array_new.o)
    0x08005904   0x08005904   0x00000028   Code   RO        11662    i._Znwj             cpprt_w.l(new.o)
    0x0800592c   0x0800592c   0x00000020   Code   RO         5704    i.__NVIC_SetPriority  stm32f4xx_hal_cortex.o
    0x0800594c   0x0800594c   0x00000024   Code   RO        11070    i.__aeabi_vec_ctor_nocookie_nodtor  cpprt_w.l(aeabi_vec_ctor_nocookie_nodtor.o)
    0x08005970   0x08005970   0x000000b0   Code   RO        11085    i.__hardfp_fmodf    m_wm.l(fmodf.o)
    0x08005a20   0x08005a20   0x00000010   Code   RO        11814    i.__mathlib_flt_invalid  m_wm.l(funder.o)
    0x08005a30   0x08005a30   0x0000000e   Code   RO        12217    i.__scatterload_copy  mc_w.l(handlers.o)
    0x08005a3e   0x08005a3e   0x00000002   Code   RO        12218    i.__scatterload_null  mc_w.l(handlers.o)
    0x08005a40   0x08005a40   0x0000000e   Code   RO        12219    i.__scatterload_zeroinit  mc_w.l(handlers.o)
    0x08005a4e   0x08005a4e   0x00000002   PAD
    0x08005a50   0x08005a50   0x0000000c   Code   RO        11897    i.__set_errno       mc_w.l(errno.o)
    0x08005a5c   0x08005a5c   0x00000010   Code   RO        11445    i.__sti___10_locale_cpp_ff99fc7b  cpp_ws.l(locale.o)
    0x08005a6c   0x08005a6c   0x00000038   Code   RO        11916    i.__sti___10_rwcats_cpp_64e8068e  cpp_ws.l(rwcats.o)
    0x08005aa4   0x08005aa4   0x00000014   Code   RO         4376    i.__sti___16_GimbalThread_cpp_26ff7e5a  gimbalthread.o
    0x08005ab8   0x08005ab8   0x0000004c   Code   RO         4247    i.__sti___17_ChassisThread_cpp_Chassis  chassisthread.o
    0x08005b04   0x08005b04   0x0000000c   Code   RO         3983    i.__sti___21_InteractionThread_cpp_b1117270  interactionthread.o
    0x08005b10   0x08005b10   0x00000010   Code   RO        11181    i.__sti___8_char_cpp_a3dc957a  cpp_ws.l(char.o)
    0x08005b20   0x08005b20   0x00000014   Code   RO         2112    i.__sti___9_Motor_cpp_Motor  motor.o
    0x08005b34   0x08005b34   0x00000050   Code   RO        11122    i.free              mc_w.l(malloc.o)
    0x08005b84   0x08005b84   0x00000092   Code   RO           16    i.main              main.o
    0x08005c16   0x08005c16   0x00000002   PAD
    0x08005c18   0x08005c18   0x0000006c   Code   RO        11123    i.malloc            mc_w.l(malloc.o)
    0x08005c84   0x08005c84   0x0000001a   Code   RO        10150    i.osDelay           cmsis_os2.o
    0x08005c9e   0x08005c9e   0x00000002   PAD
    0x08005ca0   0x08005ca0   0x00000024   Code   RO        10164    i.osKernelInitialize  cmsis_os2.o
    0x08005cc4   0x08005cc4   0x00000038   Code   RO        10167    i.osKernelStart     cmsis_os2.o
    0x08005cfc   0x08005cfc   0x0000008a   Code   RO        10209    i.osThreadNew       cmsis_os2.o
    0x08005d86   0x08005d86   0x00000002   PAD
    0x08005d88   0x08005d88   0x0000005c   Code   RO         9609    i.prvAddCurrentTaskToDelayedList  tasks.o
    0x08005de4   0x08005de4   0x000000d0   Code   RO         9610    i.prvAddNewTaskToReadyList  tasks.o
    0x08005eb4   0x08005eb4   0x00000058   Code   RO         9974    i.prvCheckForValidListAndQueue  timers.o
    0x08005f0c   0x08005f0c   0x00000026   Code   RO         9206    i.prvCopyDataFromQueue  queue.o
    0x08005f32   0x08005f32   0x0000006c   Code   RO         9207    i.prvCopyDataToQueue  queue.o
    0x08005f9e   0x08005f9e   0x00000034   Code   RO         9611    i.prvDeleteTCB      tasks.o
    0x08005fd2   0x08005fd2   0x00000002   PAD
    0x08005fd4   0x08005fd4   0x0000004c   Code   RO        10661    i.prvHeapInit       heap_4.o
    0x08006020   0x08006020   0x00000060   Code   RO         9612    i.prvIdleTask       tasks.o
    0x08006080   0x08006080   0x00000022   Code   RO         9209    i.prvInitialiseNewQueue  queue.o
    0x080060a2   0x080060a2   0x00000002   PAD
    0x080060a4   0x080060a4   0x000000b0   Code   RO         9613    i.prvInitialiseNewTask  tasks.o
    0x08006154   0x08006154   0x0000004c   Code   RO        10662    i.prvInsertBlockIntoFreeList  heap_4.o
    0x080061a0   0x080061a0   0x00000038   Code   RO         9976    i.prvInsertTimerInActiveList  timers.o
    0x080061d8   0x080061d8   0x0000001c   Code   RO         9210    i.prvIsQueueEmpty   queue.o
    0x080061f4   0x080061f4   0x000000fc   Code   RO         9977    i.prvProcessReceivedCommands  timers.o
    0x080062f0   0x080062f0   0x000000c0   Code   RO         9978    i.prvProcessTimerOrBlockTask  timers.o
    0x080063b0   0x080063b0   0x00000020   Code   RO         9615    i.prvResetNextTaskUnblockTime  tasks.o
    0x080063d0   0x080063d0   0x00000028   Code   RO         9979    i.prvSampleTimeNow  timers.o
    0x080063f8   0x080063f8   0x0000006c   Code   RO         9980    i.prvSwitchTimerLists  timers.o
    0x08006464   0x08006464   0x00000028   Code   RO        10717    i.prvTaskExitError  port.o
    0x0800648c   0x0800648c   0x00000024   Code   RO         9981    i.prvTimerTask      timers.o
    0x080064b0   0x080064b0   0x0000006a   Code   RO         9211    i.prvUnlockQueue    queue.o
    0x0800651a   0x0800651a   0x00000002   PAD
    0x0800651c   0x0800651c   0x000000dc   Code   RO        10663    i.pvPortMalloc      heap_4.o
    0x080065f8   0x080065f8   0x0000002c   Code   RO        10718    i.pxPortInitialiseStack  port.o
    0x08006624   0x08006624   0x00000026   Code   RO         9166    i.uxListRemove      list.o
    0x0800664a   0x0800664a   0x00000002   PAD
    0x0800664c   0x0800664c   0x00000014   Code   RO        10221    i.vApplicationGetIdleTaskMemory  cmsis_os2.o
    0x08006660   0x08006660   0x00000018   Code   RO        10222    i.vApplicationGetTimerTaskMemory  cmsis_os2.o
    0x08006678   0x08006678   0x00000016   Code   RO         9167    i.vListInitialise   list.o
    0x0800668e   0x0800668e   0x00000006   Code   RO         9168    i.vListInitialiseItem  list.o
    0x08006694   0x08006694   0x00000030   Code   RO         9169    i.vListInsert       list.o
    0x080066c4   0x080066c4   0x00000018   Code   RO         9170    i.vListInsertEnd    list.o
    0x080066dc   0x080066dc   0x00000040   Code   RO        10720    i.vPortEnterCritical  port.o
    0x0800671c   0x0800671c   0x00000028   Code   RO        10721    i.vPortExitCritical  port.o
    0x08006744   0x08006744   0x00000064   Code   RO        10664    i.vPortFree         heap_4.o
    0x080067a8   0x080067a8   0x00000024   Code   RO        10722    i.vPortSetupTimerInterrupt  port.o
    0x080067cc   0x080067cc   0x00000054   Code   RO        10723    i.vPortValidateInterruptPriority  port.o
    0x08006820   0x08006820   0x00000028   Code   RO         9217    i.vQueueAddToRegistry  queue.o
    0x08006848   0x08006848   0x00000044   Code   RO         9221    i.vQueueWaitForMessageRestricted  queue.o
    0x0800688c   0x0800688c   0x0000004c   Code   RO         9628    i.vTaskDelay        tasks.o
    0x080068d8   0x080068d8   0x00000010   Code   RO         9633    i.vTaskInternalSetTimeOutState  tasks.o
    0x080068e8   0x080068e8   0x0000000c   Code   RO         9634    i.vTaskMissedYield  tasks.o
    0x080068f4   0x080068f4   0x00000030   Code   RO         9636    i.vTaskPlaceOnEventList  tasks.o
    0x08006924   0x08006924   0x00000038   Code   RO         9637    i.vTaskPlaceOnEventListRestricted  tasks.o
    0x0800695c   0x0800695c   0x00000088   Code   RO         9645    i.vTaskStartScheduler  tasks.o
    0x080069e4   0x080069e4   0x00000010   Code   RO         9647    i.vTaskSuspendAll   tasks.o
    0x080069f4   0x080069f4   0x00000064   Code   RO         9648    i.vTaskSwitchContext  tasks.o
    0x08006a58   0x08006a58   0x000000f4   Code   RO        10724    i.xPortStartScheduler  port.o
    0x08006b4c   0x08006b4c   0x0000002c   Code   RO        10725    i.xPortSysTickHandler  port.o
    0x08006b78   0x08006b78   0x00000066   Code   RO         9227    i.xQueueGenericCreateStatic  queue.o
    0x08006bde   0x08006bde   0x00000002   PAD
    0x08006be0   0x08006be0   0x00000088   Code   RO         9228    i.xQueueGenericReset  queue.o
    0x08006c68   0x08006c68   0x00000160   Code   RO         9229    i.xQueueGenericSend  queue.o
    0x08006dc8   0x08006dc8   0x000000be   Code   RO         9230    i.xQueueGenericSendFromISR  queue.o
    0x08006e86   0x08006e86   0x00000002   PAD
    0x08006e88   0x08006e88   0x00000138   Code   RO         9239    i.xQueueReceive     queue.o
    0x08006fc0   0x08006fc0   0x00000074   Code   RO         9650    i.xTaskCheckForTimeOut  tasks.o
    0x08007034   0x08007034   0x0000005a   Code   RO         9651    i.xTaskCreate       tasks.o
    0x0800708e   0x0800708e   0x00000056   Code   RO         9652    i.xTaskCreateStatic  tasks.o
    0x080070e4   0x080070e4   0x0000001c   Code   RO         9656    i.xTaskGetSchedulerState  tasks.o
    0x08007100   0x08007100   0x0000000c   Code   RO         9657    i.xTaskGetTickCount  tasks.o
    0x0800710c   0x0800710c   0x000000c8   Code   RO         9659    i.xTaskIncrementTick  tasks.o
    0x080071d4   0x080071d4   0x00000080   Code   RO         9662    i.xTaskPriorityDisinherit  tasks.o
    0x08007254   0x08007254   0x00000070   Code   RO         9664    i.xTaskRemoveFromEventList  tasks.o
    0x080072c4   0x080072c4   0x000000c4   Code   RO         9665    i.xTaskResumeAll    tasks.o
    0x08007388   0x08007388   0x00000060   Code   RO         9990    i.xTimerCreateTimerTask  timers.o
    0x080073e8   0x080073e8   0x00000068   Code   RO         9991    i.xTimerGenericCommand  timers.o
    0x08007450   0x08007450   0x0000000e   Code   RO        11932    t._ZN4__rw18__rw_locale_vectorIPNS_8__rw_catEED1Ev  cpp_ws.l(rwcats.o)
    0x0800745e   0x0800745e   0x00000002   PAD
    0x08007460   0x08007460   0x00000024   Data   RO          364    .constdata          freertos.o
    0x08007484   0x08007484   0x00000024   Data   RO         2131    .constdata          motor.o
    0x080074a8   0x080074a8   0x00000024   Data   RO         3788    .constdata          mainthread.o
    0x080074cc   0x080074cc   0x00000048   Data   RO         3992    .constdata          interactionthread.o
    0x08007514   0x08007514   0x00000008   Data   RO         5421    .constdata          stm32f4xx_hal_dma.o
    0x0800751c   0x0800751c   0x00000010   Data   RO         9002    .constdata          system_stm32f4xx.o
    0x0800752c   0x0800752c   0x00000008   Data   RO         9003    .constdata          system_stm32f4xx.o
    0x08007534   0x08007534   0x0000000c   Data   RO          365    .conststring        freertos.o
    0x08007540   0x08007540   0x0000000a   Data   RO         2132    .conststring        motor.o
    0x0800754a   0x0800754a   0x00000002   PAD
    0x0800754c   0x0800754c   0x00000009   Data   RO         3789    .conststring        mainthread.o
    0x08007555   0x08007555   0x00000003   PAD
    0x08007558   0x08007558   0x00000013   Data   RO         3993    .conststring        interactionthread.o
    0x0800756b   0x0800756b   0x00000001   PAD
    0x0800756c   0x0800756c   0x00000020   Data   RO        12216    Region$$Table       anon$$obj.o
    0x0800758c   0x0800758c   0x00000004   Data   RO         2134    .init_array         motor.o
    0x08007590   0x0800758c   0x00000004   Data   RO         3995    .init_array         interactionthread.o
    0x08007594   0x0800758c   0x00000004   Data   RO         4265    .init_array         chassisthread.o
    0x08007598   0x0800758c   0x00000004   Data   RO         4393    .init_array         gimbalthread.o
    0x0800759c   0x0800758c   0x00000000   Data   RO        11151    .init_array         mc_w.l(cpp_init.o)
    0x0800759c   0x0800758c   0x00000004   Data   RO        11203    .init_array         cpp_ws.l(char.o)
    0x080075a0   0x0800758c   0x00000004   Data   RO        11493    .init_array         cpp_ws.l(locale.o)
    0x080075a4   0x0800758c   0x00000004   Data   RO        11926    .init_array         cpp_ws.l(rwcats.o)


    Execution Region RW_IRAM1 (Exec base: 0x20000000, Load base: 0x080075a8, Size: 0x00006af0, Max: 0x0001c000, ABSOLUTE, COMPRESSED[0x00000034])

    Exec Addr    Load Addr    Size         Type   Attr      Idx    E Section Name        Object

    0x20000000   COMPRESSED   0x00000004   Data   RW          366    .data               freertos.o
    0x20000004   COMPRESSED   0x00000004   Data   RW          452    .data               can.o
    0x20000008   COMPRESSED   0x00000008   Data   RW          999    .data               bsp_adc.o
    0x20000010   COMPRESSED   0x00000008   Data   RW         1253    .data               bsp_can.o
    0x20000018   COMPRESSED   0x00000008   Data   RW         1254    .data               bsp_can.o
    0x20000020   COMPRESSED   0x00000028   Data   RW         1255    .data               bsp_can.o
    0x20000048   COMPRESSED   0x00000004   Data   RW         1338    .data               bsp_capture.o
    0x2000004c   COMPRESSED   0x00000014   Data   RW         1533    .data               bsp_uart.o
    0x20000060   COMPRESSED   0x00000001   Data   RW         1915    .data               dr16.o
    0x20000061   COMPRESSED   0x00000003   PAD
    0x20000064   COMPRESSED   0x00000004   Data   RW         2133    .data               motor.o
    0x20000068   COMPRESSED   0x00000004   Data   RW         3793    .data               mainthread.o
    0x2000006c   COMPRESSED   0x00000010   Data   RW         3994    .data               interactionthread.o
    0x2000007c   COMPRESSED   0x0000000c   Data   RW         5848    .data               stm32f4xx_hal.o
    0x20000088   COMPRESSED   0x00000004   Data   RW         9004    .data               system_stm32f4xx.o
    0x2000008c   COMPRESSED   0x0000003c   Data   RW         9668    .data               tasks.o
    0x200000c8   COMPRESSED   0x00000014   Data   RW         9999    .data               timers.o
    0x200000dc   COMPRESSED   0x00000004   Data   RW        10224    .data               cmsis_os2.o
    0x200000e0   COMPRESSED   0x00000020   Data   RW        10670    .data               heap_4.o
    0x20000100   COMPRESSED   0x0000000c   Data   RW        10726    .data               port.o
    0x2000010c   COMPRESSED   0x00000008   Data   RW        11202    .data               cpp_ws.l(char.o)
    0x20000114   COMPRESSED   0x0000001c   Data   RW        11492    .data               cpp_ws.l(locale.o)
    0x20000130   COMPRESSED   0x00000004   Data   RW        11893    .data               mc_w.l(mvars.o)
    0x20000134   COMPRESSED   0x00000004   Data   RW        11894    .data               mc_w.l(mvars.o)
    0x20000138   COMPRESSED   0x00000004   Data   RW        11898    .data               mc_w.l(errno.o)
    0x2000013c   COMPRESSED   0x00000008   Data   RW        11925    .data               cpp_ws.l(rwcats.o)
    0x20000144   COMPRESSED   0x0000000c   Data   RW        12137    .data               mc_w.l(cpp_memory.o)
    0x20000150   COMPRESSED   0x00000004   Data   RW        12190    .data               mc_w.l(cpp_dtor.o)
    0x20000154        -       0x000000a8   Zero   RW          408    .bss                adc.o
    0x200001fc        -       0x00000050   Zero   RW          451    .bss                can.o
    0x2000024c        -       0x000000a8   Zero   RW          524    .bss                i2c.o
    0x200002f4        -       0x00000170   Zero   RW          572    .bss                spi.o
    0x20000464        -       0x000001b0   Zero   RW          627    .bss                tim.o
    0x20000614        -       0x000001ec   Zero   RW          711    .bss                usart.o
    0x20000800        -       0x0000050c   Zero   RW          763    .bss                usb_otg.o
    0x20000d0c        -       0x00000048   Zero   RW          953    .bss                stm32f4xx_hal_timebase_tim.o
    0x20000d54        -       0x00000014   Zero   RW         1250    .bss                bsp_can.o
    0x20000d68        -       0x00000014   Zero   RW         1251    .bss                bsp_can.o
    0x20000d7c        -       0x00000034   Zero   RW         1252    .bss                bsp_can.o
    0x20000db0        -       0x00000060   Zero   RW         1337    .bss                bsp_capture.o
    0x20000e10        -       0x00000360   Zero   RW         1531    .bss                bsp_uart.o
    0x20001170        -       0x00000018   Zero   RW         1914    .bss                dr16.o
    0x20001188        -       0x000000b4   Zero   RW         2055    .bss                imu_can.o
    0x2000123c        -       0x00000180   Zero   RW         2130    .bss                motor.o
    0x200013bc        -       0x00000018   Zero   RW         3991    .bss                interactionthread.o
    0x200013d4        -       0x00000154   Zero   RW         4261    .bss                chassisthread.o
    0x20001528        -       0x000000f0   Zero   RW         4389    .bss                gimbalthread.o
    0x20001618        -       0x00000040   Zero   RW         9243    .bss                queue.o
    0x20001658        -       0x000004c4   Zero   RW         9667    .bss                tasks.o
    0x20001b1c        -       0x00000118   Zero   RW         9998    .bss                timers.o
    0x20001c34        -       0x000006b8   Zero   RW        10223    .bss                cmsis_os2.o
    0x200022ec        -       0x00003c00   Zero   RW        10669    .bss                heap_4.o
    0x20005eec   COMPRESSED   0x00000004   PAD
    0x20005ef0        -       0x00000400   Zero   RW            2    HEAP                startup_stm32f407xx.o
    0x200062f0        -       0x00000800   Zero   RW            1    STACK               startup_stm32f407xx.o


    Execution Region RW_IRAM2 (Exec base: 0x2001c000, Load base: 0x080075dc, Size: 0x00000000, Max: 0x00004000, ABSOLUTE)

    **** No section assigned to this execution region ****


==============================================================================

Image component sizes


      Code (inc. data)   RO Data    RW Data    ZI Data      Debug   Object Name

       276         36          0          0        168       1843   adc.o
        80         22          0          8          0     648554   bsp_adc.o
       128         16          0          0          0       1127   bsp_buzzer.o
       470         28          0         56         92       5802   bsp_can.o
       614         22          0          4         96       2924   bsp_capture.o
       100         14          0          0          0       1820   bsp_led_pwm.o
        72         10          0          0          0        527   bsp_pwm.o
       268         32          0         20        864       4492   bsp_uart.o
       388         46          0          4         80       2550   can.o
        84         22          4          0        340       2985   chassisthread.o
       326         22          0          4       1720      65299   cmsis_os2.o
       300         20          0          0          0       3163   color.o
       140          4          0          0          0        882   dma.o
       236         16          0          1         24       4427   dr16.o
         0          0          0          0          0      19524   event_groups.o
        40         14         48          4          0       1761   freertos.o
        76         12          4          0        240       3559   gimbalthread.o
       356         20          0          0          0       1231   gpio.o
       472         24          0         32      15360       4955   heap_4.o
       360         54          0          0        168       2486   i2c.o
       456         48          0          0        180       2786   imu_can.o
       436         56         95         16         24       4858   interactionthread.o
       138          0          0          0          0       3630   list.o
        24          6          0          0          0        992   lpf.o
       314         14          0          0          0     758308   main.o
        60         14         45          4          0      12590   mainthread.o
       590         38         50          4        384      10520   motor.o
        72         10          0          0          0       2240   motortool.o
         0          0          0          0          0        828   pid.o
       786         82          0         12          0      11681   port.o
      1514         20          0          0         64      17644   queue.o
       492         46          0          0        368       2696   spi.o
        36          8        392          0       3072        852   startup_stm32f407xx.o
       116         18          0         12          0       8822   stm32f4xx_hal.o
      1502         66          0          0          0       8610   stm32f4xx_hal_adc.o
         2          0          0          0          0       1013   stm32f4xx_hal_adc_ex.o
      1770          6          0          0          0      15574   stm32f4xx_hal_can.o
       158         14          0          0          0      33226   stm32f4xx_hal_cortex.o
      1084         16          8          0          0       7482   stm32f4xx_hal_dma.o
       506         46          0          0          0       2240   stm32f4xx_hal_gpio.o
       392         16          0          0          0       3147   stm32f4xx_hal_i2c.o
        56          4          0          0          0        898   stm32f4xx_hal_msp.o
       226          0          0          0          0       1767   stm32f4xx_hal_pcd.o
      1412         86          0          0          0       6001   stm32f4xx_hal_rcc.o
       458          6          0          0          0       3508   stm32f4xx_hal_spi.o
      2000        164          0          0          0      14629   stm32f4xx_hal_tim.o
       232         28          0          0          0       3349   stm32f4xx_hal_tim_ex.o
       152         20          0          0         72       1524   stm32f4xx_hal_timebase_tim.o
      1052         24          0          0          0       9123   stm32f4xx_hal_uart.o
       160         70          0          0          0       8316   stm32f4xx_it.o
       808         32          0          0          0       7529   stm32f4xx_ll_usb.o
         0          0          0          0          0        392   stream_buffer.o
        16          4         24          4          0       1175   system_stm32f4xx.o
      2084        168          0         60       1220      27292   tasks.o
      1440        142          0          0        432       7053   tim.o
       972         80          0         20        280      32383   timers.o
       736         76          0          0        492       3549   usart.o
       172         14          0          0       1292       1821   usb_otg.o

    ----------------------------------------------------------------------
     27278       1876        708        268      27036    1819959   Object Totals
         0          0         32          0          0          0   (incl. Generated)
        68          0          6          3          4          0   (incl. Padding)

    ----------------------------------------------------------------------

      Code (inc. data)   RO Data    RW Data    ZI Data      Debug   Library Member Name

        16          4          4          8          0         68   char.o
        16          4          4         28          0         68   locale.o
        70         14          4          8          0        164   rwcats.o
        36          0          0          0          0         84   aeabi_vec_ctor_nocookie_nodtor.o
        80         12          0          0          0        104   arm_exceptions_globs.o
        60          0          0          0          0        108   arm_exceptions_mem.o
        26          0          0          0          0         76   arm_exceptions_terminate.o
         4          0          0          0          0         68   arm_newhandler_noexceptions.o
         8          0          0          0          0         76   array_del.o
         8          0          0          0          0         76   array_new.o
         8          0          0          0          0         76   delete.o
        40          6          0          0          0         76   new.o
       176          0          0          0          0        168   fmodf.o
        16          6          0          0          0        116   funder.o
        86          0          0          0          0          0   __dczerorl2.o
        46          0          0          0          0         84   aeabi_atexit.o
         8          4          0          4          0         68   cpp_dtor.o
         2          0          0          0          0         68   cpp_final.o
        32         10          0          0          0         80   cpp_init.o
        20          4          0         12          0        136   cpp_memory.o
        66          0          0          0          0         84   cxa_finalize.o
         0          0          0          0          0          0   entry.o
         0          0          0          0          0          0   entry10a.o
         4          0          0          0          0          0   entry10b.o
         0          0          0          0          0          0   entry11a.o
         4          0          0          0          0          0   entry12b.o
         8          4          0          0          0          0   entry2.o
         4          0          0          0          0          0   entry5.o
         0          0          0          0          0          0   entry7b.o
         4          0          0          0          0          0   entry8a.o
         0          0          0          0          0          0   entry8b.o
         8          4          0          0          0          0   entry9a.o
        12          6          0          4          0         68   errno.o
        30          0          0          0          0          0   handlers.o
        36          8          0          0          0         68   init.o
         0          0          0          0          0          0   iusefp.o
        30          0          0          0          0         68   llshl.o
        32          0          0          0          0         68   llushr.o
       188         20          0          0          0        160   malloc.o
        66          0          0          0          0         76   memmove.o
        36          0          0          0          0        108   memseta.o
         0          0          0          8          0          0   mvars.o
        98          0          0          0          0         92   uldiv.o
       222          0          0          0          0        100   ddiv.o
       186          0          0          0          0        176   depilogue.o
        62          0          0          0          0         80   dfixi.o
        26          0          0          0          0         76   dfltui.o
        38          0          0          0          0         68   f2d.o
       110          0          0          0          0        168   fepilogue.o
        82          0          0          0          0         96   frem.o

    ----------------------------------------------------------------------
      2122        106         12         72          0       3320   Library Totals
        12          0          0          0          0          0   (incl. Padding)

    ----------------------------------------------------------------------

      Code (inc. data)   RO Data    RW Data    ZI Data      Debug   Library Name

       102         22         12         44          0        300   cpp_ws.l
       270         18          0          0          0        744   cpprt_w.l
       192          6          0          0          0        284   m_wm.l
       820         60          0         28          0       1228   mc_w.l
       726          0          0          0          0        764   mf_w.l

    ----------------------------------------------------------------------
      2122        106         12         72          0       3320   Library Totals

    ----------------------------------------------------------------------

==============================================================================


      Code (inc. data)   RO Data    RW Data    ZI Data      Debug   

     29400       1982        720        340      27036    1795151   Grand Totals
     29400       1982        720         52      27036    1795151   ELF Image Totals (compressed)
     29400       1982        720         52          0          0   ROM Totals

==============================================================================

    Total RO  Size (Code + RO Data)                30120 (  29.41kB)
    Total RW  Size (RW Data + ZI Data)             27376 (  26.73kB)
    Total ROM Size (Code + RO Data + RW Data)      30172 (  29.46kB)

==============================================================================

